Archive member included to satisfy reference by file (symbol)

app/libapp.a(main.cpp.obj)    (--whole-archive)
zephyr/libzephyr.a(heap.c.obj)
                              (--whole-archive)
zephyr/libzephyr.a(cbprintf_packaged.c.obj)
                              (--whole-archive)
zephyr/libzephyr.a(printk.c.obj)
                              (--whole-archive)
zephyr/libzephyr.a(sem.c.obj)
                              (--whole-archive)
zephyr/libzephyr.a(thread_entry.c.obj)
                              (--whole-archive)
zephyr/libzephyr.a(cbprintf_complete.c.obj)
                              (--whole-archive)
zephyr/libzephyr.a(assert.c.obj)
                              (--whole-archive)
zephyr/libzephyr.a(dec.c.obj)
                              (--whole-archive)
zephyr/libzephyr.a(hex.c.obj)
                              (--whole-archive)
zephyr/libzephyr.a(rb.c.obj)  (--whole-archive)
zephyr/libzephyr.a(timeutil.c.obj)
                              (--whole-archive)
zephyr/libzephyr.a(bitarray.c.obj)
                              (--whole-archive)
zephyr/libzephyr.a(ring_buffer.c.obj)
                              (--whole-archive)
zephyr/libzephyr.a(configs.c.obj)
                              (--whole-archive)
zephyr/libzephyr.a(soc_irq.S.obj)
                              (--whole-archive)
zephyr/libzephyr.a(soc_common_irq.c.obj)
                              (--whole-archive)
zephyr/libzephyr.a(vector.S.obj)
                              (--whole-archive)
zephyr/libzephyr.a(soc.c.obj)
                              (--whole-archive)
zephyr/libzephyr.a(tracing_none.c.obj)
                              (--whole-archive)
zephyr/arch/common/libarch__common.a(sw_isr_common.c.obj)
                              (--whole-archive)
zephyr/arch/common/libarch__common.a(multilevel_irq.c.obj)
                              (--whole-archive)
zephyr/arch/arch/riscv/core/libarch__riscv__core.a(cpu_idle.c.obj)
                              (--whole-archive)
zephyr/arch/arch/riscv/core/libarch__riscv__core.a(fatal.c.obj)
                              (--whole-archive)
zephyr/arch/arch/riscv/core/libarch__riscv__core.a(irq_manage.c.obj)
                              (--whole-archive)
zephyr/arch/arch/riscv/core/libarch__riscv__core.a(prep_c.c.obj)
                              (--whole-archive)
zephyr/arch/arch/riscv/core/libarch__riscv__core.a(reboot.c.obj)
                              (--whole-archive)
zephyr/arch/arch/riscv/core/libarch__riscv__core.a(reset.S.obj)
                              (--whole-archive)
zephyr/arch/arch/riscv/core/libarch__riscv__core.a(switch.S.obj)
                              (--whole-archive)
zephyr/arch/arch/riscv/core/libarch__riscv__core.a(thread.c.obj)
                              (--whole-archive)
zephyr/arch/arch/riscv/core/libarch__riscv__core.a(isr.S.obj)
                              (--whole-archive)
zephyr/arch/arch/riscv/core/libarch__riscv__core.a(pmp.c.obj)
                              (--whole-archive)
zephyr/arch/arch/riscv/core/libarch__riscv__core.a(pmp.S.obj)
                              (--whole-archive)
zephyr/arch/arch/riscv/core/libarch__riscv__core.a(tls.c.obj)
                              (--whole-archive)
zephyr/arch/arch/riscv/core/libarch__riscv__core.a(stacktrace.c.obj)
                              (--whole-archive)
zephyr/lib/libc/picolibc/liblib__libc__picolibc.a(assert.c.obj)
                              (--whole-archive)
zephyr/lib/libc/picolibc/liblib__libc__picolibc.a(cbprintf.c.obj)
                              (--whole-archive)
zephyr/lib/libc/picolibc/liblib__libc__picolibc.a(chk_fail.c.obj)
                              (--whole-archive)
zephyr/lib/libc/picolibc/liblib__libc__picolibc.a(errno_wrap.c.obj)
                              (--whole-archive)
zephyr/lib/libc/picolibc/liblib__libc__picolibc.a(exit.c.obj)
                              (--whole-archive)
zephyr/lib/libc/picolibc/liblib__libc__picolibc.a(locks.c.obj)
                              (--whole-archive)
zephyr/lib/libc/picolibc/liblib__libc__picolibc.a(stdio.c.obj)
                              (--whole-archive)
zephyr/lib/libc/common/liblib__libc__common.a(abort.c.obj)
                              (--whole-archive)
zephyr/lib/libc/common/liblib__libc__common.a(malloc.c.obj)
                              (--whole-archive)
zephyr/drivers/interrupt_controller/libdrivers__interrupt_controller.a(intc_plic.c.obj)
                              (--whole-archive)
zephyr/drivers/console/libdrivers__console.a(uart_console.c.obj)
                              (--whole-archive)
zephyr/drivers/serial/libdrivers__serial.a(uart_ns16550.c.obj)
                              (--whole-archive)
zephyr/drivers/timer/libdrivers__timer.a(sys_clock_init.c.obj)
                              (--whole-archive)
zephyr/drivers/timer/libdrivers__timer.a(riscv_machine_timer.c.obj)
                              (--whole-archive)
zephyr/kernel/libkernel.a(device.c.obj)
[...]
Memory Configuration

Name             Origin             Length             Attributes
RAM              0x0000000080000000 0x0000000010000000 xrw
IDT_LIST         0x00000000fffff7ff 0x0000000000000800 xw
*default*        0x0000000000000000 0xffffffffffffffff

Linker script and memory map

                0x00000000800022d6                vfprintf = __l_vfprintf
                0x0000000000000000                vfscanf = __l_vfscanf
LOAD zephyr/CMakeFiles/zephyr_pre0.dir/misc/empty_file.c.obj
LOAD zephyr/CMakeFiles/offsets.dir/./arch/riscv/core/offsets/offsets.c.obj
LOAD app/libapp.a
LOAD zephyr/libzephyr.a
LOAD zephyr/arch/common/libarch__common.a
LOAD zephyr/arch/arch/riscv/core/libarch__riscv__core.a
LOAD zephyr/lib/libc/picolibc/liblib__libc__picolibc.a
LOAD zephyr/lib/libc/common/liblib__libc__common.a
LOAD zephyr/drivers/interrupt_controller/libdrivers__interrupt_controller.a
LOAD zephyr/drivers/console/libdrivers__console.a
LOAD zephyr/drivers/serial/libdrivers__serial.a
LOAD zephyr/drivers/timer/libdrivers__timer.a
LOAD zephyr/kernel/libkernel.a
LOAD zephyr/arch/common/libisr_tables.a
LOAD /home/jaagup/zephyr-sdk-0.17.0/riscv64-zephyr-elf/bin/../lib/gcc/../../picolibc/riscv64-zephyr-elf/lib/rv32imac_zicsr_zifencei/ilp32/libc.a
LOAD /home/jaagup/zephyr-sdk-0.17.0/riscv64-zephyr-elf/bin/../lib/gcc/riscv64-zephyr-elf/12.2.0/rv32imac_zicsr_zifencei/ilp32/libgcc.a

.rel.plt        0x0000000000000000        0x0
 *(SORT_BY_ALIGNMENT(.rel.plt))
                [!provide]                        PROVIDE (__rel_iplt_start = .)
 *(SORT_BY_ALIGNMENT(.rel.iplt))
                [!provide]                        PROVIDE (__rel_iplt_end = .)

.rela.plt       0x0000000000000000        0x0
 *(SORT_BY_ALIGNMENT(.rela.plt))
                [!provide]                        PROVIDE (__rela_iplt_start = .)
 *(SORT_BY_ALIGNMENT(.rela.iplt))
                [!provide]                        PROVIDE (__rela_iplt_end = .)

.rel.dyn
 *(SORT_BY_ALIGNMENT(.rel.*))

.rela.dyn       0x0000000080000000        0x0
 *(SORT_BY_ALIGNMENT(.rela.*))
 .rela.sdata._char_out
                0x0000000080000000        0x0 app/libapp.a(main.cpp.obj)
 .rela.vectors.__start
                0x0000000080000000        0x0 app/libapp.a(main.cpp.obj)
 .rela.exception.entry._isr_wrapper
                0x0000000080000000        0x0 app/libapp.a(main.cpp.obj)
 .rela.text.z_riscv_pmp_init
                0x0000000080000000        0x0 app/libapp.a(main.cpp.obj)
 .rela.text.arch_tls_stack_setup
                0x0000000080000000        0x0 app/libapp.a(main.cpp.obj)
 .rela.text.walk_stackframe
                0x0000000080000000        0x0 app/libapp.a(main.cpp.obj)
 .rela.text.malloc_prepare
                0x0000000080000000        0x0 app/libapp.a(main.cpp.obj)
 .rela.text.bg_thread_main
                0x0000000080000000        0x0 app/libapp.a(main.cpp.obj)
 .rela.text.z_bss_zero
                0x0000000080000000        0x0 app/libapp.a(main.cpp.obj)
 .rela.rodata.levels.0
                0x0000000080000000        0x0 app/libapp.a(main.cpp.obj)

.plt
 *(SORT_BY_ALIGNMENT(.plt))

.iplt
 *(SORT_BY_ALIGNMENT(.iplt))
                0x0000000080000000                __rom_region_start = 0x80000000

rom_start       0x0000000080000000       0x18
                0x0000000080000000                . = ALIGN (0x10)
                0x0000000080000000                __rom_start_address = .
 FILL mask 0x00
                0x0000000080000000                . = (. + (0x0 - (. - __rom_start_address)))
                0x0000000080000000                . = ALIGN (0x4)
 *(SORT_BY_ALIGNMENT(.vectors.*))
 .vectors.__start
                0x0000000080000000       0x18 zephyr/libzephyr.a(vector.S.obj)
                0x0000000080000000                __start

reset           0x0000000080000018        0x4
 *(SORT_BY_ALIGNMENT(.reset.*))
 .reset.__reset
                0x0000000080000018        0x4 zephyr/arch/arch/riscv/core/libarch__riscv__core.a(reset.S.obj)
                0x0000000080000018                __reset

exceptions      0x000000008000001c      0x156
 *(SORT_BY_ALIGNMENT(.exception.entry.*))
 .exception.entry._isr_wrapper
                0x000000008000001c      0x146 zephyr/arch/arch/riscv/core/libarch__riscv__core.a(isr.S.obj)
                0x000000008000001c                _isr_wrapper
                0x0000000080000126                z_riscv_thread_start
 *(SORT_BY_ALIGNMENT(.exception.other.*))
 *fill*         0x0000000080000162        0x2 
 .exception.other.__soc_handle_irq
                0x0000000080000164        0xe zephyr/libzephyr.a(soc_irq.S.obj)
                0x0000000080000164                __soc_handle_irq

text            0x0000000080000174     0x2684
                0x0000000080000174                . = ALIGN (0x4)
 *(SORT_BY_ALIGNMENT(.openocd_debug))
 *(SORT_BY_ALIGNMENT(.openocd_debug.*))
                0x0000000080000174                __text_region_start = .
 *(SORT_BY_ALIGNMENT(.text))
 .text          0x0000000080000174       0x3c /home/jaagup/zephyr-sdk-0.17.0/riscv64-zephyr-elf/bin/../lib/gcc/riscv64-zephyr-elf/12.2.0/rv32imac_zicsr_zifencei/ilp32/libgcc.a(_clzsi2.o)
                0x0000000080000174                __clzsi2
 .text          0x00000000800001b0      0x35e /home/jaagup/zephyr-sdk-0.17.0/riscv64-zephyr-elf/bin/../lib/gcc/riscv64-zephyr-elf/12.2.0/rv32imac_zicsr_zifencei/ilp32/libgcc.a(_udivdi3.o)
                0x00000000800001b0                __udivdi3
 *(SORT_BY_ALIGNMENT(.text.*))
 *fill*         0x000000008000050e        0x2 
 .text.__initialize
                0x0000000080000510       0x28 zephyr/arch/arch/riscv/core/libarch__riscv__core.a(reset.S.obj)
                0x0000000080000510                __initialize
 *fill*         0x0000000080000538        0x0 
 .text.z_riscv_switch
                0x0000000080000538       0x72 zephyr/arch/arch/riscv/core/libarch__riscv__core.a(switch.S.obj)
                0x0000000080000538                z_riscv_switch
 *fill*         0x00000000800005aa        0x2 
 .text.z_riscv_write_pmp_entries
                0x00000000800005ac      0x18a zephyr/arch/arch/riscv/core/libarch__riscv__core.a(pmp.S.obj)
                0x00000000800005ac                z_riscv_write_pmp_entries
 .text._OffsetAbsSyms
                0x0000000080000736        0x2 zephyr/CMakeFiles/offsets.dir/./arch/riscv/core/offsets/offsets.c.obj
                0x0000000080000736                _OffsetAbsSyms
 .text.main     0x0000000080000738       0x18 app/libapp.a(main.cpp.obj)
                0x0000000080000738                main
 .text.chunk_field
                0x0000000080000750       0x1e zephyr/libzephyr.a(heap.c.obj)
 .text.chunk_set
                0x000000008000076e       0x1e zephyr/libzephyr.a(heap.c.obj)
 .text.chunk_size
                0x000000008000078c       0x10 zephyr/libzephyr.a(heap.c.obj)
 .text.set_chunk_used
                0x000000008000079c       0x30 zephyr/libzephyr.a(heap.c.obj)
 .text.set_chunk_size
                0x00000000800007cc        0x8 zephyr/libzephyr.a(heap.c.obj)
 .text.bucket_idx.isra.0
                0x00000000800007d4       0x28 zephyr/libzephyr.a(heap.c.obj)
 .text.free_list_add
                0x00000000800007fc       0xa2 zephyr/libzephyr.a(heap.c.obj)
 .text.sys_heap_init
                0x000000008000089e       0xb8 zephyr/libzephyr.a(heap.c.obj)
                0x000000008000089e                sys_heap_init
 .text.arch_printk_char_out
                0x0000000080000956        0x4 zephyr/libzephyr.a(printk.c.obj)
                0x0000000080000956                arch_printk_char_out
 .text.char_out
                0x000000008000095a        0xa zephyr/libzephyr.a(printk.c.obj)
 .text.__printk_hook_install
                0x0000000080000964        0xa zephyr/libzephyr.a(printk.c.obj)
                0x0000000080000964                __printk_hook_install
 .text.vprintk  0x000000008000096e       0x2c zephyr/libzephyr.a(printk.c.obj)
                0x000000008000096e                vprintk
 .text.printk   0x000000008000099a       0x1e zephyr/libzephyr.a(printk.c.obj)
                0x000000008000099a                printk
 .text.z_thread_entry
                0x00000000800009b8       0x2a zephyr/libzephyr.a(thread_entry.c.obj)
                0x00000000800009b8                z_thread_entry
 .text._ConfigAbsSyms
                0x00000000800009e2        0x2 zephyr/libzephyr.a(configs.c.obj)
                0x00000000800009e2                _ConfigAbsSyms
 .text.arch_irq_enable
                0x00000000800009e4       0x1a zephyr/libzephyr.a(soc_common_irq.c.obj)
                0x00000000800009e4                arch_irq_enable
 .text.z_riscv_irq_priority_set
                0x00000000800009fe       0x10 zephyr/libzephyr.a(soc_common_irq.c.obj)
                0x00000000800009fe                z_riscv_irq_priority_set
 .text.soc_interrupt_init
                0x0000000080000a0e        0xe zephyr/libzephyr.a(soc_common_irq.c.obj)
                0x0000000080000a0e                soc_interrupt_init
 .text.sys_trace_idle
                0x0000000080000a1c        0x2 zephyr/libzephyr.a(tracing_none.c.obj)
                0x0000000080000a1c                sys_trace_idle
 .text.sys_trace_idle_exit
                0x0000000080000a1e        0x2 zephyr/libzephyr.a(tracing_none.c.obj)
                0x0000000080000a1e                sys_trace_idle_exit
 .text.arch_cpu_idle
                0x0000000080000a20       0x18 zephyr/arch/arch/riscv/core/libarch__riscv__core.a(cpu_idle.c.obj)
                0x0000000080000a20                arch_cpu_idle
 .text.z_riscv_get_sp_before_exc
                0x0000000080000a38        0x6 zephyr/arch/arch/riscv/core/libarch__riscv__core.a(fatal.c.obj)
                0x0000000080000a38                z_riscv_get_sp_before_exc
 .text.z_riscv_fatal_error_csf
                0x0000000080000a3e       0x22 zephyr/arch/arch/riscv/core/libarch__riscv__core.a(fatal.c.obj)
                0x0000000080000a3e                z_riscv_fatal_error_csf
 .text.z_riscv_fatal_error
                0x0000000080000a60        0x8 zephyr/arch/arch/riscv/core/libarch__riscv__core.a(fatal.c.obj)
                0x0000000080000a60                z_riscv_fatal_error
 .text.z_riscv_fault
                0x0000000080000a68        0xa zephyr/arch/arch/riscv/core/libarch__riscv__core.a(fatal.c.obj)
                0x0000000080000a68                z_riscv_fault
 .text.z_irq_spurious
                0x0000000080000a72       0x1c zephyr/arch/arch/riscv/core/libarch__riscv__core.a(irq_manage.c.obj)
                0x0000000080000a72                z_irq_spurious
 .text.z_prep_c
                0x0000000080000a8e        0xe zephyr/arch/arch/riscv/core/libarch__riscv__core.a(prep_c.c.obj)
                0x0000000080000a8e                z_prep_c
 .text.arch_new_thread
                0x0000000080000a9c       0x34 zephyr/arch/arch/riscv/core/libarch__riscv__core.a(thread.c.obj)
                0x0000000080000a9c                arch_new_thread
 .text.z_riscv_pmp_init
                0x0000000080000ad0       0x94 zephyr/arch/arch/riscv/core/libarch__riscv__core.a(pmp.c.obj)
                0x0000000080000ad0                z_riscv_pmp_init
 .text.arch_tls_stack_setup
                0x0000000080000b64       0x54 zephyr/arch/arch/riscv/core/libarch__riscv__core.a(tls.c.obj)
                0x0000000080000b64                arch_tls_stack_setup
 .text.in_stack_bound
                0x0000000080000bb8       0x20 zephyr/arch/arch/riscv/core/libarch__riscv__core.a(stacktrace.c.obj)
 .text.print_trace_address
                0x0000000080000bd8        0x4 zephyr/arch/arch/riscv/core/libarch__riscv__core.a(stacktrace.c.obj)
 .text.walk_stackframe
                0x0000000080000bdc       0xc4 zephyr/arch/arch/riscv/core/libarch__riscv__core.a(stacktrace.c.obj)
 .text.in_fatal_stack_bound
                0x0000000080000ca0       0x36 zephyr/arch/arch/riscv/core/libarch__riscv__core.a(stacktrace.c.obj)
 .text.z_riscv_unwind_stack
                0x0000000080000cd6       0x2e zephyr/arch/arch/riscv/core/libarch__riscv__core.a(stacktrace.c.obj)
                0x0000000080000cd6                z_riscv_unwind_stack
 .text.z_impl_zephyr_fputc
                0x0000000080000d04       0x16 zephyr/lib/libc/picolibc/liblib__libc__picolibc.a(stdio.c.obj)
                0x0000000080000d04                z_impl_zephyr_fputc
 .text.picolibc_put
                0x0000000080000d1a        0xe zephyr/lib/libc/picolibc/liblib__libc__picolibc.a(stdio.c.obj)
 .text.__stdout_hook_install
                0x0000000080000d28       0x1e zephyr/lib/libc/picolibc/liblib__libc__picolibc.a(stdio.c.obj)
                0x0000000080000d28                __stdout_hook_install
 .text.malloc_prepare
                0x0000000080000d46       0x22 zephyr/lib/libc/common/liblib__libc__common.a(malloc.c.obj)
 .text.plic_irq_config_func_0
                0x0000000080000d68       0x14 zephyr/drivers/interrupt_controller/libdrivers__interrupt_controller.a(intc_plic.c.obj)
 .text.get_context_en_addr.constprop.0.isra.0
                0x0000000080000d7c       0x14 zephyr/drivers/interrupt_controller/libdrivers__interrupt_controller.a(intc_plic.c.obj)
 .text.plic_irq_enable_set_state
                0x0000000080000d90       0x48 zephyr/drivers/interrupt_controller/libdrivers__interrupt_controller.a(intc_plic.c.obj)
 .text.plic_irq_handler
                0x0000000080000dd8       0x76 zephyr/drivers/interrupt_controller/libdrivers__interrupt_controller.a(intc_plic.c.obj)
 .text.plic_init
                0x0000000080000e4e       0x6e zephyr/drivers/interrupt_controller/libdrivers__interrupt_controller.a(intc_plic.c.obj)
 .text.riscv_plic_irq_enable
                0x0000000080000ebc       0x1c zephyr/drivers/interrupt_controller/libdrivers__interrupt_controller.a(intc_plic.c.obj)
                0x0000000080000ebc                riscv_plic_irq_enable
 .text.riscv_plic_set_priority
                0x0000000080000ed8       0x1c zephyr/drivers/interrupt_controller/libdrivers__interrupt_controller.a(intc_plic.c.obj)
                0x0000000080000ed8                riscv_plic_set_priority
 .text.riscv_plic_get_irq
                0x0000000080000ef4       0x18 zephyr/drivers/interrupt_controller/libdrivers__interrupt_controller.a(intc_plic.c.obj)
                0x0000000080000ef4                riscv_plic_get_irq
 .text.riscv_plic_get_dev
                0x0000000080000f0c       0x18 zephyr/drivers/interrupt_controller/libdrivers__interrupt_controller.a(intc_plic.c.obj)
                0x0000000080000f0c                riscv_plic_get_dev
 .text.uart_console_init
                0x0000000080000f24       0x30 zephyr/drivers/console/libdrivers__console.a(uart_console.c.obj)
 .text.console_out
                0x0000000080000f54       0x46 zephyr/drivers/console/libdrivers__console.a(uart_console.c.obj)
 .text.uart_ns16550_config_get
                0x0000000080000f9a       0x2a zephyr/drivers/serial/libdrivers__serial.a(uart_ns16550.c.obj)
 .text.uart_ns16550_poll_out
                0x0000000080000fc4       0x2c zephyr/drivers/serial/libdrivers__serial.a(uart_ns16550.c.obj)
 .text.uart_ns16550_err_check
                0x0000000080000ff0       0x2a zephyr/drivers/serial/libdrivers__serial.a(uart_ns16550.c.obj)
 .text.uart_ns16550_configure
                0x000000008000101a      0x1b8 zephyr/drivers/serial/libdrivers__serial.a(uart_ns16550.c.obj)
 .text.uart_ns16550_init
                0x00000000800011d2        0x4 zephyr/drivers/serial/libdrivers__serial.a(uart_ns16550.c.obj)
 .text.uart_ns16550_poll_in
                0x00000000800011d6       0x32 zephyr/drivers/serial/libdrivers__serial.a(uart_ns16550.c.obj)
 .text.mtime    0x0000000080001208       0x18 zephyr/drivers/timer/libdrivers__timer.a(riscv_machine_timer.c.obj)
 .text.sys_clock_driver_init
                0x0000000080001220       0x78 zephyr/drivers/timer/libdrivers__timer.a(riscv_machine_timer.c.obj)
 .text.timer_isr
                0x0000000080001298       0x6e zephyr/drivers/timer/libdrivers__timer.a(riscv_machine_timer.c.obj)
 .text.sys_clock_set_timeout
                0x0000000080001306       0xb2 zephyr/drivers/timer/libdrivers__timer.a(riscv_machine_timer.c.obj)
                0x0000000080001306                sys_clock_set_timeout
 .text.sys_clock_elapsed
                0x00000000800013b8       0x36 zephyr/drivers/timer/libdrivers__timer.a(riscv_machine_timer.c.obj)
                0x00000000800013b8                sys_clock_elapsed
 .text.z_device_state_init
                0x00000000800013ee        0x2 zephyr/kernel/libkernel.a(device.c.obj)
                0x00000000800013ee                z_device_state_init
 .text.z_impl_device_is_ready
                0x00000000800013f0       0x1c zephyr/kernel/libkernel.a(device.c.obj)
                0x00000000800013f0                z_impl_device_is_ready
 .text.arch_system_halt
                0x000000008000140c        0x6 zephyr/kernel/libkernel.a(fatal.c.obj)
                0x000000008000140c                arch_system_halt
 .text.k_sys_fatal_error_handler
                0x0000000080001412        0x6 zephyr/kernel/libkernel.a(fatal.c.obj)
                0x0000000080001412                k_sys_fatal_error_handler
 .text.z_fatal_error
                0x0000000080001418       0x2c zephyr/kernel/libkernel.a(fatal.c.obj)
                0x0000000080001418                z_fatal_error
 .text.do_device_init
                0x0000000080001444       0x44 zephyr/kernel/libkernel.a(init.c.obj)
 .text.z_sys_init_run_level
                0x0000000080001488       0x46 zephyr/kernel/libkernel.a(init.c.obj)
 .text.bg_thread_main
                0x00000000800014ce       0xc0 zephyr/kernel/libkernel.a(init.c.obj)
 .text.z_early_memset
                0x000000008000158e        0x4 zephyr/kernel/libkernel.a(init.c.obj)
                0x000000008000158e                z_early_memset
 .text.z_bss_zero
                0x0000000080001592       0x1c zephyr/kernel/libkernel.a(init.c.obj)
                0x0000000080001592                z_bss_zero
 .text.z_init_cpu
                0x00000000800015ae       0x86 zephyr/kernel/libkernel.a(init.c.obj)
                0x00000000800015ae                z_init_cpu
 .text.z_cstart
                0x0000000080001634       0xb6 zephyr/kernel/libkernel.a(init.c.obj)
                0x0000000080001634                z_cstart
 .text.z_init_static
                0x00000000800016ea        0x2 zephyr/kernel/libkernel.a(init_static.c.obj)
                0x00000000800016ea                z_init_static
 .text.idle     0x00000000800016ec        0xe zephyr/kernel/libkernel.a(idle.c.obj)
                0x00000000800016ec                idle
 .text.z_check_stack_sentinel
                0x00000000800016fa       0x2e zephyr/kernel/libkernel.a(thread.c.obj)
                0x00000000800016fa                z_check_stack_sentinel
 .text.z_setup_new_thread
                0x0000000080001728       0xa2 zephyr/kernel/libkernel.a(thread.c.obj)
                0x0000000080001728                z_setup_new_thread
 .text.z_dummy_thread_init
                0x00000000800017ca       0x1e zephyr/kernel/libkernel.a(thread.c.obj)
                0x00000000800017ca                z_dummy_thread_init
 .text.sys_dlist_remove
                0x00000000800017e8       0x12 zephyr/kernel/libkernel.a(sched.c.obj)
 .text.unpend_thread_no_timeout
                0x00000000800017fa       0x20 zephyr/kernel/libkernel.a(sched.c.obj)
 .text.ready_thread
                0x000000008000181a       0xa6 zephyr/kernel/libkernel.a(sched.c.obj)
 .text.z_swap   0x00000000800018c0       0x6c zephyr/kernel/libkernel.a(sched.c.obj)
 .text.move_thread_to_end_of_prio_q
                0x000000008000192c       0xba zephyr/kernel/libkernel.a(sched.c.obj)
                0x000000008000192c                move_thread_to_end_of_prio_q
 .text.z_ready_thread
                0x00000000800019e6       0x1a zephyr/kernel/libkernel.a(sched.c.obj)
                0x00000000800019e6                z_ready_thread
 .text.z_sched_wake_thread
                0x0000000080001a00       0x3c zephyr/kernel/libkernel.a(sched.c.obj)
                0x0000000080001a00                z_sched_wake_thread
 .text.z_thread_timeout
                0x0000000080001a3c        0x6 zephyr/kernel/libkernel.a(sched.c.obj)
                0x0000000080001a3c                z_thread_timeout
 .text.z_reschedule
                0x0000000080001a42       0x22 zephyr/kernel/libkernel.a(sched.c.obj)
                0x0000000080001a42                z_reschedule
 .text.z_reschedule_irqlock
                0x0000000080001a64       0x60 zephyr/kernel/libkernel.a(sched.c.obj)
                0x0000000080001a64                z_reschedule_irqlock
 .text.k_sched_lock
                0x0000000080001ac4       0x20 zephyr/kernel/libkernel.a(sched.c.obj)
                0x0000000080001ac4                k_sched_lock
 .text.k_sched_unlock
                0x0000000080001ae4       0x70 zephyr/kernel/libkernel.a(sched.c.obj)
                0x0000000080001ae4                k_sched_unlock
 .text.z_swap_next_thread
                0x0000000080001b54        0xc zephyr/kernel/libkernel.a(sched.c.obj)
                0x0000000080001b54                z_swap_next_thread
 .text.z_get_next_switch_handle
                0x0000000080001b60       0x28 zephyr/kernel/libkernel.a(sched.c.obj)
                0x0000000080001b60                z_get_next_switch_handle
 .text.z_sched_init
                0x0000000080001b88       0x16 zephyr/kernel/libkernel.a(sched.c.obj)
                0x0000000080001b88                z_sched_init
 .text.z_impl_k_wakeup
                0x0000000080001b9e       0x42 zephyr/kernel/libkernel.a(sched.c.obj)
                0x0000000080001b9e                z_impl_k_wakeup
 .text.z_impl_k_sched_current_thread_query
                0x0000000080001be0        0xc zephyr/kernel/libkernel.a(sched.c.obj)
                0x0000000080001be0                z_impl_k_sched_current_thread_query
 .text.z_thread_abort
                0x0000000080001bec      0x134 zephyr/kernel/libkernel.a(sched.c.obj)
                0x0000000080001bec                z_thread_abort
 .text.z_impl_k_thread_abort
                0x0000000080001d20        0x2 zephyr/kernel/libkernel.a(sched.c.obj)
                0x0000000080001d20                z_impl_k_thread_abort
 .text.slice_timeout
                0x0000000080001d22       0x2c zephyr/kernel/libkernel.a(timeslicing.c.obj)
 .text.thread_is_sliceable
                0x0000000080001d4e       0x48 zephyr/kernel/libkernel.a(timeslicing.c.obj)
                0x0000000080001d4e                thread_is_sliceable
 .text.z_reset_time_slice
                0x0000000080001d96       0x6c zephyr/kernel/libkernel.a(timeslicing.c.obj)
                0x0000000080001d96                z_reset_time_slice
 .text.z_time_slice
                0x0000000080001e02       0x52 zephyr/kernel/libkernel.a(timeslicing.c.obj)
                0x0000000080001e02                z_time_slice
 .text.first    0x0000000080001e54       0x12 zephyr/kernel/libkernel.a(timeout.c.obj)
 .text.next_timeout
                0x0000000080001e66       0x40 zephyr/kernel/libkernel.a(timeout.c.obj)
 .text.elapsed  0x0000000080001ea6       0x12 zephyr/kernel/libkernel.a(timeout.c.obj)
 .text.remove_timeout
                0x0000000080001eb8       0x3c zephyr/kernel/libkernel.a(timeout.c.obj)
 .text.z_add_timeout
                0x0000000080001ef4      0x152 zephyr/kernel/libkernel.a(timeout.c.obj)
                0x0000000080001ef4                z_add_timeout
 .text.z_abort_timeout
                0x0000000080002046       0x42 zephyr/kernel/libkernel.a(timeout.c.obj)
                0x0000000080002046                z_abort_timeout
 .text.sys_clock_announce
                0x0000000080002088       0xc4 zephyr/kernel/libkernel.a(timeout.c.obj)
                0x0000000080002088                sys_clock_announce
 .text.boot_banner
                0x000000008000214c        0xc zephyr/kernel/libkernel.a(banner.c.obj)
                0x000000008000214c                boot_banner
 .text.strnlen  0x0000000080002158       0x18 /home/jaagup/zephyr-sdk-0.17.0/riscv64-zephyr-elf/bin/../lib/gcc/../../picolibc/riscv64-zephyr-elf/lib/rv32imac_zicsr_zifencei/ilp32/libc.a(libc_string_strnlen.c.o)
                0x0000000080002158                strnlen
 .text.puts     0x0000000080002170       0x56 /home/jaagup/zephyr-sdk-0.17.0/riscv64-zephyr-elf/bin/../lib/gcc/../../picolibc/riscv64-zephyr-elf/lib/rv32imac_zicsr_zifencei/ilp32/libc.a(libc_tinystdio_puts.c.o)
                0x0000000080002170                puts
 .text.__ultoa_invert
                0x00000000800021c6      0x110 /home/jaagup/zephyr-sdk-0.17.0/riscv64-zephyr-elf/bin/../lib/gcc/../../picolibc/riscv64-zephyr-elf/lib/rv32imac_zicsr_zifencei/ilp32/libc.a(libc_tinystdio_vflprintf.c.o)
 .text.__l_vfprintf
                0x00000000800022d6      0x4fc /home/jaagup/zephyr-sdk-0.17.0/riscv64-zephyr-elf/bin/../lib/gcc/../../picolibc/riscv64-zephyr-elf/lib/rv32imac_zicsr_zifencei/ilp32/libc.a(libc_tinystdio_vflprintf.c.o)
                0x00000000800022d6                __l_vfprintf
 .text.memcpy   0x00000000800027d2       0x16 /home/jaagup/zephyr-sdk-0.17.0/riscv64-zephyr-elf/bin/../lib/gcc/../../picolibc/riscv64-zephyr-elf/lib/rv32imac_zicsr_zifencei/ilp32/libc.a(memcpy-asm.S.o)
                0x00000000800027d2                memcpy
 .text.memset   0x00000000800027e8       0x10 /home/jaagup/zephyr-sdk-0.17.0/riscv64-zephyr-elf/bin/../lib/gcc/../../picolibc/riscv64-zephyr-elf/lib/rv32imac_zicsr_zifencei/ilp32/libc.a(memset.S.o)
                0x00000000800027e8                memset
 *(SORT_BY_ALIGNMENT(.gnu.linkonce.t.*))
                0x00000000800027f8                __text_region_end = .
                0x00000000800027f8                __rodata_region_start = .

initlevel       0x00000000800027f8       0x28
                0x00000000800027f8                __init_start = .
                0x00000000800027f8                __init_EARLY_start = .
 *(SORT_BY_NAME(SORT_BY_ALIGNMENT(.z_init_EARLY_P_?_*)))
 *(SORT_BY_NAME(SORT_BY_ALIGNMENT(.z_init_EARLY_P_??_*)))
 *(SORT_BY_NAME(SORT_BY_ALIGNMENT(.z_init_EARLY_P_???_*)))
                0x00000000800027f8                __init_PRE_KERNEL_1_start = .
 *(SORT_BY_NAME(SORT_BY_ALIGNMENT(.z_init_PRE_KERNEL_1_P_?_*)))
 *(SORT_BY_NAME(SORT_BY_ALIGNMENT(.z_init_PRE_KERNEL_1_P_??_*)))
 .z_init_PRE_KERNEL_1_P_40_SUB_00022_
                0x00000000800027f8        0x8 zephyr/drivers/interrupt_controller/libdrivers__interrupt_controller.a(intc_plic.c.obj)
 .z_init_PRE_KERNEL_1_P_50_SUB_00023_
                0x0000000080002800        0x8 zephyr/drivers/serial/libdrivers__serial.a(uart_ns16550.c.obj)
 .z_init_PRE_KERNEL_1_P_60_SUB_0_
                0x0000000080002808        0x8 zephyr/drivers/console/libdrivers__console.a(uart_console.c.obj)
 *(SORT_BY_NAME(SORT_BY_ALIGNMENT(.z_init_PRE_KERNEL_1_P_???_*)))
                0x0000000080002810                __init_PRE_KERNEL_2_start = .
 *(SORT_BY_NAME(SORT_BY_ALIGNMENT(.z_init_PRE_KERNEL_2_P_?_*)))
 .z_init_PRE_KERNEL_2_P_0_SUB_0_
                0x0000000080002810        0x8 zephyr/drivers/timer/libdrivers__timer.a(riscv_machine_timer.c.obj)
 *(SORT_BY_NAME(SORT_BY_ALIGNMENT(.z_init_PRE_KERNEL_2_P_??_*)))
 *(SORT_BY_NAME(SORT_BY_ALIGNMENT(.z_init_PRE_KERNEL_2_P_???_*)))
                0x0000000080002818                __init_POST_KERNEL_start = .
 *(SORT_BY_NAME(SORT_BY_ALIGNMENT(.z_init_POST_KERNEL_P_?_*)))
 *(SORT_BY_NAME(SORT_BY_ALIGNMENT(.z_init_POST_KERNEL_P_??_*)))
 .z_init_POST_KERNEL_P_35_SUB_0_
                0x0000000080002818        0x8 zephyr/lib/libc/common/liblib__libc__common.a(malloc.c.obj)
 *(SORT_BY_NAME(SORT_BY_ALIGNMENT(.z_init_POST_KERNEL_P_???_*)))
                0x0000000080002820                __init_APPLICATION_start = .
 *(SORT_BY_NAME(SORT_BY_ALIGNMENT(.z_init_APPLICATION_P_?_*)))
 *(SORT_BY_NAME(SORT_BY_ALIGNMENT(.z_init_APPLICATION_P_??_*)))
 *(SORT_BY_NAME(SORT_BY_ALIGNMENT(.z_init_APPLICATION_P_???_*)))
                0x0000000080002820                __init_SMP_start = .
 *(SORT_BY_NAME(SORT_BY_ALIGNMENT(.z_init_SMP_P_?_*)))
 *(SORT_BY_NAME(SORT_BY_ALIGNMENT(.z_init_SMP_P_??_*)))
 *(SORT_BY_NAME(SORT_BY_ALIGNMENT(.z_init_SMP_P_???_*)))
                0x0000000080002820                __init_end = .

device_area     0x0000000080002820       0x40
                0x0000000080002820                _device_list_start = .
 *(SORT_BY_NAME(SORT_BY_ALIGNMENT(._device.static.*_?_*)))
 *(SORT_BY_NAME(SORT_BY_ALIGNMENT(._device.static.*_??_*)))
 ._device.static.1_40_
                0x0000000080002820       0x20 zephyr/drivers/interrupt_controller/libdrivers__interrupt_controller.a(intc_plic.c.obj)
                0x0000000080002820                __device_dts_ord_22
 ._device.static.1_50_
                0x0000000080002840       0x20 zephyr/drivers/serial/libdrivers__serial.a(uart_ns16550.c.obj)
                0x0000000080002840                __device_dts_ord_23
 *(SORT_BY_NAME(SORT_BY_ALIGNMENT(._device.static.*_???_*)))
 *(SORT_BY_NAME(SORT_BY_ALIGNMENT(._device.static.*_????_*)))
 *(SORT_BY_NAME(SORT_BY_ALIGNMENT(._device.static.*_?????_*)))
                0x0000000080002860                _device_list_end = .

sw_isr_table    0x0000000080002860     0x2060
                0x0000000080002860                . = ALIGN (0x4)
 *(SORT_BY_ALIGNMENT(.gnu.linkonce.sw_isr_table*))
 .gnu.linkonce.sw_isr_table
                0x0000000080002860     0x2060 zephyr/arch/common/libisr_tables.a(isr_tables.c.obj)
                0x0000000080002860                _sw_isr_table

initlevel_error
                0x00000000800027f8        0x0
 *(SORT_BY_NAME(SORT_BY_ALIGNMENT(.z_init_*)))
                0x0000000000000001                ASSERT ((SIZEOF (initlevel_error) == 0x0), Undefined initialization levels used.)

app_shmem_regions
                0x00000000800048c0        0x0
                0x00000000800048c0                __app_shmem_regions_start = .
 *(SORT_BY_NAME(SORT_BY_ALIGNMENT(.app_regions.*)))
                0x00000000800048c0                __app_shmem_regions_end = .

k_p4wq_initparam_area
                0x00000000800048c0        0x0
                0x00000000800048c0                _k_p4wq_initparam_list_start = .
 *(SORT_BY_NAME(SORT_BY_ALIGNMENT(._k_p4wq_initparam.static.*)))
                0x00000000800048c0                _k_p4wq_initparam_list_end = .

_static_thread_data_area
                0x00000000800048c0        0x0
                0x00000000800048c0                __static_thread_data_list_start = .
 *(SORT_BY_NAME(SORT_BY_ALIGNMENT(.__static_thread_data.static.*)))
                0x00000000800048c0                __static_thread_data_list_end = .

device_deps     0x00000000800048c0        0x0
                0x00000000800048c0                __device_deps_start = .
 *(SORT_BY_NAME(SORT_BY_ALIGNMENT(.__device_deps_pass2*)))
                0x00000000800048c0                __device_deps_end = .

shared_irq_driver_api_area
                0x00000000800048c0        0x0
                0x00000000800048c0                _shared_irq_driver_api_list_start = .
 *(SORT_BY_NAME(SORT_BY_ALIGNMENT(._shared_irq_driver_api.static.*)))
                0x00000000800048c0                _shared_irq_driver_api_list_end = .

crypto_driver_api_area
                0x00000000800048c0        0x0
                0x00000000800048c0                _crypto_driver_api_list_start = .
 *(SORT_BY_NAME(SORT_BY_ALIGNMENT(._crypto_driver_api.static.*)))
                0x00000000800048c0                _crypto_driver_api_list_end = .

adc_driver_api_area
                0x00000000800048c0        0x0
                0x00000000800048c0                _adc_driver_api_list_start = .
 *(SORT_BY_NAME(SORT_BY_ALIGNMENT(._adc_driver_api.static.*)))
                0x00000000800048c0                _adc_driver_api_list_end = .

auxdisplay_driver_api_area
                0x00000000800048c0        0x0
                0x00000000800048c0                _auxdisplay_driver_api_list_start = .
 *(SORT_BY_NAME(SORT_BY_ALIGNMENT(._auxdisplay_driver_api.static.*)))
                0x00000000800048c0                _auxdisplay_driver_api_list_end = .

bbram_driver_api_area
                0x00000000800048c0        0x0
                0x00000000800048c0                _bbram_driver_api_list_start = .
 *(SORT_BY_NAME(SORT_BY_ALIGNMENT(._bbram_driver_api.static.*)))
                0x00000000800048c0                _bbram_driver_api_list_end = .

bt_hci_driver_api_area
                0x00000000800048c0        0x0
                0x00000000800048c0                _bt_hci_driver_api_list_start = .
 *(SORT_BY_NAME(SORT_BY_ALIGNMENT(._bt_hci_driver_api.static.*)))
                0x00000000800048c0                _bt_hci_driver_api_list_end = .

can_driver_api_area
                0x00000000800048c0        0x0
                0x00000000800048c0                _can_driver_api_list_start = .
 *(SORT_BY_NAME(SORT_BY_ALIGNMENT(._can_driver_api.static.*)))
                0x00000000800048c0                _can_driver_api_list_end = .

cellular_driver_api_area
                0x00000000800048c0        0x0
                0x00000000800048c0                _cellular_driver_api_list_start = .
 *(SORT_BY_NAME(SORT_BY_ALIGNMENT(._cellular_driver_api.static.*)))
                0x00000000800048c0                _cellular_driver_api_list_end = .

charger_driver_api_area
                0x00000000800048c0        0x0
                0x00000000800048c0                _charger_driver_api_list_start = .
 *(SORT_BY_NAME(SORT_BY_ALIGNMENT(._charger_driver_api.static.*)))
                0x00000000800048c0                _charger_driver_api_list_end = .

clock_control_driver_api_area
                0x00000000800048c0        0x0
                0x00000000800048c0                _clock_control_driver_api_list_start = .
 *(SORT_BY_NAME(SORT_BY_ALIGNMENT(._clock_control_driver_api.static.*)))
                0x00000000800048c0                _clock_control_driver_api_list_end = .

comparator_driver_api_area
                0x00000000800048c0        0x0
                0x00000000800048c0                _comparator_driver_api_list_start = .
 *(SORT_BY_NAME(SORT_BY_ALIGNMENT(._comparator_driver_api.static.*)))
                0x00000000800048c0                _comparator_driver_api_list_end = .

coredump_driver_api_area
                0x00000000800048c0        0x0
                0x00000000800048c0                _coredump_driver_api_list_start = .
 *(SORT_BY_NAME(SORT_BY_ALIGNMENT(._coredump_driver_api.static.*)))
                0x00000000800048c0                _coredump_driver_api_list_end = .

counter_driver_api_area
                0x00000000800048c0        0x0
                0x00000000800048c0                _counter_driver_api_list_start = .
 *(SORT_BY_NAME(SORT_BY_ALIGNMENT(._counter_driver_api.static.*)))
                0x00000000800048c0                _counter_driver_api_list_end = .

dac_driver_api_area
                0x00000000800048c0        0x0
                0x00000000800048c0                _dac_driver_api_list_start = .
 *(SORT_BY_NAME(SORT_BY_ALIGNMENT(._dac_driver_api.static.*)))
                0x00000000800048c0                _dac_driver_api_list_end = .

dai_driver_api_area
                0x00000000800048c0        0x0
                0x00000000800048c0                _dai_driver_api_list_start = .
 *(SORT_BY_NAME(SORT_BY_ALIGNMENT(._dai_driver_api.static.*)))
                0x00000000800048c0                _dai_driver_api_list_end = .

display_driver_api_area
                0x00000000800048c0        0x0
                0x00000000800048c0                _display_driver_api_list_start = .
 *(SORT_BY_NAME(SORT_BY_ALIGNMENT(._display_driver_api.static.*)))
                0x00000000800048c0                _display_driver_api_list_end = .

dma_driver_api_area
                0x00000000800048c0        0x0
                0x00000000800048c0                _dma_driver_api_list_start = .
 *(SORT_BY_NAME(SORT_BY_ALIGNMENT(._dma_driver_api.static.*)))
                0x00000000800048c0                _dma_driver_api_list_end = .

edac_driver_api_area
                0x00000000800048c0        0x0
                0x00000000800048c0                _edac_driver_api_list_start = .
 *(SORT_BY_NAME(SORT_BY_ALIGNMENT(._edac_driver_api.static.*)))
                0x00000000800048c0                _edac_driver_api_list_end = .

eeprom_driver_api_area
                0x00000000800048c0        0x0
                0x00000000800048c0                _eeprom_driver_api_list_start = .
 *(SORT_BY_NAME(SORT_BY_ALIGNMENT(._eeprom_driver_api.static.*)))
                0x00000000800048c0                _eeprom_driver_api_list_end = .

emul_bbram_driver_api_area
                0x00000000800048c0        0x0
                0x00000000800048c0                _emul_bbram_driver_api_list_start = .
 *(SORT_BY_NAME(SORT_BY_ALIGNMENT(._emul_bbram_driver_api.static.*)))
                0x00000000800048c0                _emul_bbram_driver_api_list_end = .

fuel_gauge_emul_driver_api_area
                0x00000000800048c0        0x0
                0x00000000800048c0                _fuel_gauge_emul_driver_api_list_start = .
 *(SORT_BY_NAME(SORT_BY_ALIGNMENT(._fuel_gauge_emul_driver_api.static.*)))
                0x00000000800048c0                _fuel_gauge_emul_driver_api_list_end = .

emul_sensor_driver_api_area
                0x00000000800048c0        0x0
                0x00000000800048c0                _emul_sensor_driver_api_list_start = .
 *(SORT_BY_NAME(SORT_BY_ALIGNMENT(._emul_sensor_driver_api.static.*)))
                0x00000000800048c0                _emul_sensor_driver_api_list_end = .

entropy_driver_api_area
                0x00000000800048c0        0x0
                0x00000000800048c0                _entropy_driver_api_list_start = .
 *(SORT_BY_NAME(SORT_BY_ALIGNMENT(._entropy_driver_api.static.*)))
                0x00000000800048c0                _entropy_driver_api_list_end = .

espi_driver_api_area
                0x00000000800048c0        0x0
                0x00000000800048c0                _espi_driver_api_list_start = .
 *(SORT_BY_NAME(SORT_BY_ALIGNMENT(._espi_driver_api.static.*)))
                0x00000000800048c0                _espi_driver_api_list_end = .

espi_saf_driver_api_area
                0x00000000800048c0        0x0
                0x00000000800048c0                _espi_saf_driver_api_list_start = .
 *(SORT_BY_NAME(SORT_BY_ALIGNMENT(._espi_saf_driver_api.static.*)))
                0x00000000800048c0                _espi_saf_driver_api_list_end = .

flash_driver_api_area
                0x00000000800048c0        0x0
                0x00000000800048c0                _flash_driver_api_list_start = .
 *(SORT_BY_NAME(SORT_BY_ALIGNMENT(._flash_driver_api.static.*)))
                0x00000000800048c0                _flash_driver_api_list_end = .

fpga_driver_api_area
                0x00000000800048c0        0x0
                0x00000000800048c0                _fpga_driver_api_list_start = .
 *(SORT_BY_NAME(SORT_BY_ALIGNMENT(._fpga_driver_api.static.*)))
                0x00000000800048c0                _fpga_driver_api_list_end = .

fuel_gauge_driver_api_area
                0x00000000800048c0        0x0
                0x00000000800048c0                _fuel_gauge_driver_api_list_start = .
 *(SORT_BY_NAME(SORT_BY_ALIGNMENT(._fuel_gauge_driver_api.static.*)))
                0x00000000800048c0                _fuel_gauge_driver_api_list_end = .

gnss_driver_api_area
                0x00000000800048c0        0x0
                0x00000000800048c0                _gnss_driver_api_list_start = .
 *(SORT_BY_NAME(SORT_BY_ALIGNMENT(._gnss_driver_api.static.*)))
                0x00000000800048c0                _gnss_driver_api_list_end = .

gpio_driver_api_area
                0x00000000800048c0        0x0
                0x00000000800048c0                _gpio_driver_api_list_start = .
 *(SORT_BY_NAME(SORT_BY_ALIGNMENT(._gpio_driver_api.static.*)))
                0x00000000800048c0                _gpio_driver_api_list_end = .

haptics_driver_api_area
                0x00000000800048c0        0x0
                0x00000000800048c0                _haptics_driver_api_list_start = .
 *(SORT_BY_NAME(SORT_BY_ALIGNMENT(._haptics_driver_api.static.*)))
                0x00000000800048c0                _haptics_driver_api_list_end = .

hwspinlock_driver_api_area
                0x00000000800048c0        0x0
                0x00000000800048c0                _hwspinlock_driver_api_list_start = .
 *(SORT_BY_NAME(SORT_BY_ALIGNMENT(._hwspinlock_driver_api.static.*)))
                0x00000000800048c0                _hwspinlock_driver_api_list_end = .

i2c_driver_api_area
                0x00000000800048c0        0x0
                0x00000000800048c0                _i2c_driver_api_list_start = .
 *(SORT_BY_NAME(SORT_BY_ALIGNMENT(._i2c_driver_api.static.*)))
                0x00000000800048c0                _i2c_driver_api_list_end = .

i2c_target_driver_api_area
                0x00000000800048c0        0x0
                0x00000000800048c0                _i2c_target_driver_api_list_start = .
 *(SORT_BY_NAME(SORT_BY_ALIGNMENT(._i2c_target_driver_api.static.*)))
                0x00000000800048c0                _i2c_target_driver_api_list_end = .

i2s_driver_api_area
                0x00000000800048c0        0x0
                0x00000000800048c0                _i2s_driver_api_list_start = .
 *(SORT_BY_NAME(SORT_BY_ALIGNMENT(._i2s_driver_api.static.*)))
                0x00000000800048c0                _i2s_driver_api_list_end = .

i3c_driver_api_area
                0x00000000800048c0        0x0
                0x00000000800048c0                _i3c_driver_api_list_start = .
 *(SORT_BY_NAME(SORT_BY_ALIGNMENT(._i3c_driver_api.static.*)))
                0x00000000800048c0                _i3c_driver_api_list_end = .

ipm_driver_api_area
                0x00000000800048c0        0x0
                0x00000000800048c0                _ipm_driver_api_list_start = .
 *(SORT_BY_NAME(SORT_BY_ALIGNMENT(._ipm_driver_api.static.*)))
                0x00000000800048c0                _ipm_driver_api_list_end = .

led_driver_api_area
                0x00000000800048c0        0x0
                0x00000000800048c0                _led_driver_api_list_start = .
 *(SORT_BY_NAME(SORT_BY_ALIGNMENT(._led_driver_api.static.*)))
                0x00000000800048c0                _led_driver_api_list_end = .

led_strip_driver_api_area
                0x00000000800048c0        0x0
                0x00000000800048c0                _led_strip_driver_api_list_start = .
 *(SORT_BY_NAME(SORT_BY_ALIGNMENT(._led_strip_driver_api.static.*)))
                0x00000000800048c0                _led_strip_driver_api_list_end = .

lora_driver_api_area
                0x00000000800048c0        0x0
                0x00000000800048c0                _lora_driver_api_list_start = .
 *(SORT_BY_NAME(SORT_BY_ALIGNMENT(._lora_driver_api.static.*)))
                0x00000000800048c0                _lora_driver_api_list_end = .

mbox_driver_api_area
                0x00000000800048c0        0x0
                0x00000000800048c0                _mbox_driver_api_list_start = .
 *(SORT_BY_NAME(SORT_BY_ALIGNMENT(._mbox_driver_api.static.*)))
                0x00000000800048c0                _mbox_driver_api_list_end = .

mdio_driver_api_area
                0x00000000800048c0        0x0
                0x00000000800048c0                _mdio_driver_api_list_start = .
 *(SORT_BY_NAME(SORT_BY_ALIGNMENT(._mdio_driver_api.static.*)))
                0x00000000800048c0                _mdio_driver_api_list_end = .

mipi_dbi_driver_api_area
                0x00000000800048c0        0x0
                0x00000000800048c0                _mipi_dbi_driver_api_list_start = .
 *(SORT_BY_NAME(SORT_BY_ALIGNMENT(._mipi_dbi_driver_api.static.*)))
                0x00000000800048c0                _mipi_dbi_driver_api_list_end = .

mipi_dsi_driver_api_area
                0x00000000800048c0        0x0
                0x00000000800048c0                _mipi_dsi_driver_api_list_start = .
 *(SORT_BY_NAME(SORT_BY_ALIGNMENT(._mipi_dsi_driver_api.static.*)))
                0x00000000800048c0                _mipi_dsi_driver_api_list_end = .

mspi_driver_api_area
                0x00000000800048c0        0x0
                0x00000000800048c0                _mspi_driver_api_list_start = .
 *(SORT_BY_NAME(SORT_BY_ALIGNMENT(._mspi_driver_api.static.*)))
                0x00000000800048c0                _mspi_driver_api_list_end = .

peci_driver_api_area
                0x00000000800048c0        0x0
                0x00000000800048c0                _peci_driver_api_list_start = .
 *(SORT_BY_NAME(SORT_BY_ALIGNMENT(._peci_driver_api.static.*)))
                0x00000000800048c0                _peci_driver_api_list_end = .

ps2_driver_api_area
                0x00000000800048c0        0x0
                0x00000000800048c0                _ps2_driver_api_list_start = .
 *(SORT_BY_NAME(SORT_BY_ALIGNMENT(._ps2_driver_api.static.*)))
                0x00000000800048c0                _ps2_driver_api_list_end = .

ptp_clock_driver_api_area
                0x00000000800048c0        0x0
                0x00000000800048c0                _ptp_clock_driver_api_list_start = .
 *(SORT_BY_NAME(SORT_BY_ALIGNMENT(._ptp_clock_driver_api.static.*)))
                0x00000000800048c0                _ptp_clock_driver_api_list_end = .

pwm_driver_api_area
                0x00000000800048c0        0x0
                0x00000000800048c0                _pwm_driver_api_list_start = .
 *(SORT_BY_NAME(SORT_BY_ALIGNMENT(._pwm_driver_api.static.*)))
                0x00000000800048c0                _pwm_driver_api_list_end = .

regulator_parent_driver_api_area
                0x00000000800048c0        0x0
                0x00000000800048c0                _regulator_parent_driver_api_list_start = .
 *(SORT_BY_NAME(SORT_BY_ALIGNMENT(._regulator_parent_driver_api.static.*)))
                0x00000000800048c0                _regulator_parent_driver_api_list_end = .

regulator_driver_api_area
                0x00000000800048c0        0x0
                0x00000000800048c0                _regulator_driver_api_list_start = .
 *(SORT_BY_NAME(SORT_BY_ALIGNMENT(._regulator_driver_api.static.*)))
                0x00000000800048c0                _regulator_driver_api_list_end = .

reset_driver_api_area
                0x00000000800048c0        0x0
                0x00000000800048c0                _reset_driver_api_list_start = .
 *(SORT_BY_NAME(SORT_BY_ALIGNMENT(._reset_driver_api.static.*)))
                0x00000000800048c0                _reset_driver_api_list_end = .

retained_mem_driver_api_area
                0x00000000800048c0        0x0
                0x00000000800048c0                _retained_mem_driver_api_list_start = .
 *(SORT_BY_NAME(SORT_BY_ALIGNMENT(._retained_mem_driver_api.static.*)))
                0x00000000800048c0                _retained_mem_driver_api_list_end = .

rtc_driver_api_area
                0x00000000800048c0        0x0
                0x00000000800048c0                _rtc_driver_api_list_start = .
 *(SORT_BY_NAME(SORT_BY_ALIGNMENT(._rtc_driver_api.static.*)))
                0x00000000800048c0                _rtc_driver_api_list_end = .

sdhc_driver_api_area
                0x00000000800048c0        0x0
                0x00000000800048c0                _sdhc_driver_api_list_start = .
 *(SORT_BY_NAME(SORT_BY_ALIGNMENT(._sdhc_driver_api.static.*)))
                0x00000000800048c0                _sdhc_driver_api_list_end = .

sensor_driver_api_area
                0x00000000800048c0        0x0
                0x00000000800048c0                _sensor_driver_api_list_start = .
 *(SORT_BY_NAME(SORT_BY_ALIGNMENT(._sensor_driver_api.static.*)))
                0x00000000800048c0                _sensor_driver_api_list_end = .

smbus_driver_api_area
                0x00000000800048c0        0x0
                0x00000000800048c0                _smbus_driver_api_list_start = .
 *(SORT_BY_NAME(SORT_BY_ALIGNMENT(._smbus_driver_api.static.*)))
                0x00000000800048c0                _smbus_driver_api_list_end = .

spi_driver_api_area
                0x00000000800048c0        0x0
                0x00000000800048c0                _spi_driver_api_list_start = .
 *(SORT_BY_NAME(SORT_BY_ALIGNMENT(._spi_driver_api.static.*)))
                0x00000000800048c0                _spi_driver_api_list_end = .

stepper_driver_api_area
                0x00000000800048c0        0x0
                0x00000000800048c0                _stepper_driver_api_list_start = .
 *(SORT_BY_NAME(SORT_BY_ALIGNMENT(._stepper_driver_api.static.*)))
                0x00000000800048c0                _stepper_driver_api_list_end = .

syscon_driver_api_area
                0x00000000800048c0        0x0
                0x00000000800048c0                _syscon_driver_api_list_start = .
 *(SORT_BY_NAME(SORT_BY_ALIGNMENT(._syscon_driver_api.static.*)))
                0x00000000800048c0                _syscon_driver_api_list_end = .

tee_driver_api_area
                0x00000000800048c0        0x0
                0x00000000800048c0                _tee_driver_api_list_start = .
 *(SORT_BY_NAME(SORT_BY_ALIGNMENT(._tee_driver_api.static.*)))
                0x00000000800048c0                _tee_driver_api_list_end = .

video_driver_api_area
                0x00000000800048c0        0x0
                0x00000000800048c0                _video_driver_api_list_start = .
 *(SORT_BY_NAME(SORT_BY_ALIGNMENT(._video_driver_api.static.*)))
                0x00000000800048c0                _video_driver_api_list_end = .

w1_driver_api_area
                0x00000000800048c0        0x0
                0x00000000800048c0                _w1_driver_api_list_start = .
 *(SORT_BY_NAME(SORT_BY_ALIGNMENT(._w1_driver_api.static.*)))
                0x00000000800048c0                _w1_driver_api_list_end = .

wdt_driver_api_area
                0x00000000800048c0        0x0
                0x00000000800048c0                _wdt_driver_api_list_start = .
 *(SORT_BY_NAME(SORT_BY_ALIGNMENT(._wdt_driver_api.static.*)))
                0x00000000800048c0                _wdt_driver_api_list_end = .

can_transceiver_driver_api_area
                0x00000000800048c0        0x0
                0x00000000800048c0                _can_transceiver_driver_api_list_start = .
 *(SORT_BY_NAME(SORT_BY_ALIGNMENT(._can_transceiver_driver_api.static.*)))
                0x00000000800048c0                _can_transceiver_driver_api_list_end = .

nrf_clock_control_driver_api_area
                0x00000000800048c0        0x0
                0x00000000800048c0                _nrf_clock_control_driver_api_list_start = .
 *(SORT_BY_NAME(SORT_BY_ALIGNMENT(._nrf_clock_control_driver_api.static.*)))
                0x00000000800048c0                _nrf_clock_control_driver_api_list_end = .

i3c_target_driver_api_area
                0x00000000800048c0        0x0
                0x00000000800048c0                _i3c_target_driver_api_list_start = .
 *(SORT_BY_NAME(SORT_BY_ALIGNMENT(._i3c_target_driver_api.static.*)))
                0x00000000800048c0                _i3c_target_driver_api_list_end = .

its_driver_api_area
                0x00000000800048c0        0x0
                0x00000000800048c0                _its_driver_api_list_start = .
 *(SORT_BY_NAME(SORT_BY_ALIGNMENT(._its_driver_api.static.*)))
                0x00000000800048c0                _its_driver_api_list_end = .

vtd_driver_api_area
                0x00000000800048c0        0x0
                0x00000000800048c0                _vtd_driver_api_list_start = .
 *(SORT_BY_NAME(SORT_BY_ALIGNMENT(._vtd_driver_api.static.*)))
                0x00000000800048c0                _vtd_driver_api_list_end = .

tgpio_driver_api_area
                0x00000000800048c0        0x0
                0x00000000800048c0                _tgpio_driver_api_list_start = .
 *(SORT_BY_NAME(SORT_BY_ALIGNMENT(._tgpio_driver_api.static.*)))
                0x00000000800048c0                _tgpio_driver_api_list_end = .

pcie_ctrl_driver_api_area
                0x00000000800048c0        0x0
                0x00000000800048c0                _pcie_ctrl_driver_api_list_start = .
 *(SORT_BY_NAME(SORT_BY_ALIGNMENT(._pcie_ctrl_driver_api.static.*)))
                0x00000000800048c0                _pcie_ctrl_driver_api_list_end = .

pcie_ep_driver_api_area
                0x00000000800048c0        0x0
                0x00000000800048c0                _pcie_ep_driver_api_list_start = .
 *(SORT_BY_NAME(SORT_BY_ALIGNMENT(._pcie_ep_driver_api.static.*)))
                0x00000000800048c0                _pcie_ep_driver_api_list_end = .

svc_driver_api_area
                0x00000000800048c0        0x0
                0x00000000800048c0                _svc_driver_api_list_start = .
 *(SORT_BY_NAME(SORT_BY_ALIGNMENT(._svc_driver_api.static.*)))
                0x00000000800048c0                _svc_driver_api_list_end = .

uart_driver_api_area
                0x00000000800048c0       0x14
                0x00000000800048c0                _uart_driver_api_list_start = .
 *(SORT_BY_NAME(SORT_BY_ALIGNMENT(._uart_driver_api.static.*)))
 ._uart_driver_api.static.uart_ns16550_driver_api_
                0x00000000800048c0       0x14 zephyr/drivers/serial/libdrivers__serial.a(uart_ns16550.c.obj)
                0x00000000800048d4                _uart_driver_api_list_end = .

bc12_emul_driver_api_area
                0x00000000800048d4        0x0
                0x00000000800048d4                _bc12_emul_driver_api_list_start = .
 *(SORT_BY_NAME(SORT_BY_ALIGNMENT(._bc12_emul_driver_api.static.*)))
                0x00000000800048d4                _bc12_emul_driver_api_list_end = .

bc12_driver_api_area
                0x00000000800048d4        0x0
                0x00000000800048d4                _bc12_driver_api_list_start = .
 *(SORT_BY_NAME(SORT_BY_ALIGNMENT(._bc12_driver_api.static.*)))
                0x00000000800048d4                _bc12_driver_api_list_end = .

usbc_ppc_driver_api_area
                0x00000000800048d4        0x0
                0x00000000800048d4                _usbc_ppc_driver_api_list_start = .
 *(SORT_BY_NAME(SORT_BY_ALIGNMENT(._usbc_ppc_driver_api.static.*)))
                0x00000000800048d4                _usbc_ppc_driver_api_list_end = .

tcpc_driver_api_area
                0x00000000800048d4        0x0
                0x00000000800048d4                _tcpc_driver_api_list_start = .
 *(SORT_BY_NAME(SORT_BY_ALIGNMENT(._tcpc_driver_api.static.*)))
                0x00000000800048d4                _tcpc_driver_api_list_end = .

usbc_vbus_driver_api_area
                0x00000000800048d4        0x0
                0x00000000800048d4                _usbc_vbus_driver_api_list_start = .
 *(SORT_BY_NAME(SORT_BY_ALIGNMENT(._usbc_vbus_driver_api.static.*)))
                0x00000000800048d4                _usbc_vbus_driver_api_list_end = .

ivshmem_driver_api_area
                0x00000000800048d4        0x0
                0x00000000800048d4                _ivshmem_driver_api_list_start = .
 *(SORT_BY_NAME(SORT_BY_ALIGNMENT(._ivshmem_driver_api.static.*)))
                0x00000000800048d4                _ivshmem_driver_api_list_end = .

ethphy_driver_api_area
                0x00000000800048d4        0x0
                0x00000000800048d4                _ethphy_driver_api_list_start = .
 *(SORT_BY_NAME(SORT_BY_ALIGNMENT(._ethphy_driver_api.static.*)))
                0x00000000800048d4                _ethphy_driver_api_list_end = .

ztest           0x00000000800048d4        0x0
                0x00000000800048d4                _ztest_expected_result_entry_list_start = .
 *(SORT_BY_NAME(SORT_BY_ALIGNMENT(._ztest_expected_result_entry.static.*)))
                0x00000000800048d4                _ztest_expected_result_entry_list_end = .
                0x00000000800048d4                _ztest_suite_node_list_start = .
 *(SORT_BY_NAME(SORT_BY_ALIGNMENT(._ztest_suite_node.static.*)))
                0x00000000800048d4                _ztest_suite_node_list_end = .
                0x00000000800048d4                _ztest_unit_test_list_start = .
 *(SORT_BY_NAME(SORT_BY_ALIGNMENT(._ztest_unit_test.static.*)))
                0x00000000800048d4                _ztest_unit_test_list_end = .
                0x00000000800048d4                _ztest_test_rule_list_start = .
 *(SORT_BY_NAME(SORT_BY_ALIGNMENT(._ztest_test_rule.static.*)))
                0x00000000800048d4                _ztest_test_rule_list_end = .

init_array      0x00000000800048d4        0x0
 *(SORT_BY_NAME(SORT_BY_ALIGNMENT(.ctors*)))
 *(SORT_BY_NAME(SORT_BY_ALIGNMENT(.init_array*)))
                0x0000000000000001                ASSERT ((SIZEOF (init_array) == 0x0), GNU-style constructors required but STATIC_INIT_GNU not enabled)

bt_l2cap_fixed_chan_area
                0x00000000800048d4        0x0
                0x00000000800048d4                _bt_l2cap_fixed_chan_list_start = .
 *(SORT_BY_NAME(SORT_BY_ALIGNMENT(._bt_l2cap_fixed_chan.static.*)))
                0x00000000800048d4                _bt_l2cap_fixed_chan_list_end = .

bt_gatt_service_static_area
                0x00000000800048d4        0x0
                0x00000000800048d4                _bt_gatt_service_static_list_start = .
 *(SORT_BY_NAME(SORT_BY_ALIGNMENT(._bt_gatt_service_static.static.*)))
                0x00000000800048d4                _bt_gatt_service_static_list_end = .

log_strings_area
                0x00000000800048d4        0x0
                0x00000000800048d4                _log_strings_list_start = .
 *(SORT_BY_NAME(SORT_BY_ALIGNMENT(._log_strings.static.*)))
                0x00000000800048d4                _log_strings_list_end = .

log_stmesp_ptr_area
                0x00000000800048d4        0x0
                0x00000000800048d4                _log_stmesp_ptr_list_start = .
 *(SORT_BY_NAME(SORT_BY_ALIGNMENT(._log_stmesp_ptr.static.*)))
                0x00000000800048d4                _log_stmesp_ptr_list_end = .

log_stmesp_str_area
                0x00000000800048d4        0x0
                0x00000000800048d4                _log_stmesp_str_list_start = .
 *(SORT_BY_NAME(SORT_BY_ALIGNMENT(._log_stmesp_str.static.*)))
                0x00000000800048d4                _log_stmesp_str_list_end = .

log_const_area  0x00000000800048d4        0x0
                0x00000000800048d4                _log_const_list_start = .
 *(SORT_BY_NAME(SORT_BY_ALIGNMENT(._log_const.static.*)))
                0x00000000800048d4                _log_const_list_end = .

log_backend_area
                0x00000000800048d4        0x0
                0x00000000800048d4                _log_backend_list_start = .
 *(SORT_BY_NAME(SORT_BY_ALIGNMENT(._log_backend.static.*)))
                0x00000000800048d4                _log_backend_list_end = .

log_link_area   0x00000000800048d4        0x0
                0x00000000800048d4                _log_link_list_start = .
 *(SORT_BY_NAME(SORT_BY_ALIGNMENT(._log_link.static.*)))
                0x00000000800048d4                _log_link_list_end = .

tracing_backend_area
                0x00000000800048d4        0x0
                0x00000000800048d4                _tracing_backend_list_start = .
 *(SORT_BY_NAME(SORT_BY_ALIGNMENT(._tracing_backend.static.*)))
                0x00000000800048d4                _tracing_backend_list_end = .

zephyr_dbg_info
 *(SORT_BY_ALIGNMENT(.dbg_thread_info))

intc_table_area
                0x00000000800048d4       0x10
                0x00000000800048d4                _intc_table_list_start = .
 *(SORT_BY_NAME(SORT_BY_ALIGNMENT(._intc_table.static.*)))
 ._intc_table.static.plic0_
                0x00000000800048d4       0x10 zephyr/drivers/interrupt_controller/libdrivers__interrupt_controller.a(intc_plic.c.obj)
                0x00000000800048e4                _intc_table_list_end = .

symbol_to_keep  0x00000000800048e4        0x0
                0x00000000800048e4                __symbol_to_keep_start = .
 *(SORT_BY_NAME(SORT_BY_ALIGNMENT(.symbol_to_keep*)))
                0x00000000800048e4                __symbol_to_keep_end = .

shell_area      0x00000000800048e4        0x0
                0x00000000800048e4                _shell_list_start = .
 *(SORT_BY_NAME(SORT_BY_ALIGNMENT(._shell.static.*)))
                0x00000000800048e4                _shell_list_end = .

shell_root_cmds_area
                0x00000000800048e4        0x0
                0x00000000800048e4                _shell_root_cmds_list_start = .
 *(SORT_BY_NAME(SORT_BY_ALIGNMENT(._shell_root_cmds.static.*)))
                0x00000000800048e4                _shell_root_cmds_list_end = .

shell_subcmds_area
                0x00000000800048e4        0x0
                0x00000000800048e4                _shell_subcmds_list_start = .
 *(SORT_BY_NAME(SORT_BY_ALIGNMENT(._shell_subcmds.static.*)))
                0x00000000800048e4                _shell_subcmds_list_end = .

shell_dynamic_subcmds_area
                0x00000000800048e4        0x0
                0x00000000800048e4                _shell_dynamic_subcmds_list_start = .
 *(SORT_BY_NAME(SORT_BY_ALIGNMENT(._shell_dynamic_subcmds.static.*)))
                0x00000000800048e4                _shell_dynamic_subcmds_list_end = .

cfb_font_area   0x00000000800048e4        0x0
                0x00000000800048e4                _cfb_font_list_start = .
 *(SORT_BY_NAME(SORT_BY_ALIGNMENT(._cfb_font.static.*)))
                0x00000000800048e4                _cfb_font_list_end = .

tdata           0x00000000800048e4        0x0
 *(SORT_BY_ALIGNMENT(.tdata) SORT_BY_ALIGNMENT(.tdata.*) SORT_BY_ALIGNMENT(.gnu.linkonce.td.*))

tbss            0x00000000800048e4        0x4
 *(SORT_BY_ALIGNMENT(.tbss) SORT_BY_ALIGNMENT(.tbss.*) SORT_BY_ALIGNMENT(.gnu.linkonce.tb.*) SORT_BY_ALIGNMENT(.tcommon))
 .tbss.z_tls_current
                0x00000000800048e4        0x4 zephyr/libzephyr.a(thread_entry.c.obj)
                0x00000000800048e4                z_tls_current
                0x00000000800048e4                PROVIDE (__tdata_start = ADDR (tdata))
                0x0000000000000001                PROVIDE (__tdata_align = ALIGNOF (tdata))
                0x0000000000000000                PROVIDE (__tdata_size = (((SIZEOF (tdata) + __tdata_align) - 0x1) & ~ ((__tdata_align - 0x1))))
                [!provide]                        PROVIDE (__tdata_end = (__tdata_start + __tdata_size))
                0x0000000000000004                PROVIDE (__tbss_align = ALIGNOF (tbss))
                [!provide]                        PROVIDE (__tbss_start = ADDR (tbss))
                0x0000000000000004                PROVIDE (__tbss_size = (((SIZEOF (tbss) + __tbss_align) - 0x1) & ~ ((__tbss_align - 0x1))))
                [!provide]                        PROVIDE (__tbss_end = (__tbss_start + __tbss_size))
                [!provide]                        PROVIDE (__tls_start = __tdata_start)
                [!provide]                        PROVIDE (__tls_end = __tbss_end)
                [!provide]                        PROVIDE (__tls_size = (__tbss_end - __tdata_start))

rodata          0x00000000800048e4      0x2d0
                0x00000000800048e4                . = ALIGN (0x4)
 *(SORT_BY_ALIGNMENT(.srodata))
 *(SORT_BY_ALIGNMENT(.srodata.*))
 .srodata.stdout
                0x00000000800048e4        0x4 zephyr/lib/libc/picolibc/liblib__libc__picolibc.a(stdio.c.obj)
                0x00000000800048e4                stdout
                0x00000000800048e4                stderr
 *(SORT_BY_ALIGNMENT(.rodata))
 .rodata        0x00000000800048e8      0x100 /home/jaagup/zephyr-sdk-0.17.0/riscv64-zephyr-elf/bin/../lib/gcc/riscv64-zephyr-elf/12.2.0/rv32imac_zicsr_zifencei/ilp32/libgcc.a(_clz.o)
                0x00000000800048e8                __clz_tab
 *(SORT_BY_ALIGNMENT(.rodata.*))
 .rodata.main.str1.4
                0x00000000800049e8        0xe app/libapp.a(main.cpp.obj)
 *fill*         0x00000000800049f6        0x2 
 .rodata.pmp_zero.0
                0x00000000800049f8       0x40 zephyr/arch/arch/riscv/core/libarch__riscv__core.a(pmp.c.obj)
 .rodata.str1.4
                0x0000000080004a38       0x1d zephyr/drivers/interrupt_controller/libdrivers__interrupt_controller.a(intc_plic.c.obj)
 *fill*         0x0000000080004a55        0x3 
 .rodata.plic_config_0
                0x0000000080004a58       0x28 zephyr/drivers/interrupt_controller/libdrivers__interrupt_controller.a(intc_plic.c.obj)
 .rodata.plic_hart_contexts_0
                0x0000000080004a80       0x20 zephyr/drivers/interrupt_controller/libdrivers__interrupt_controller.a(intc_plic.c.obj)
 .rodata.str1.4
                0x0000000080004aa0        0xe zephyr/drivers/serial/libdrivers__serial.a(uart_ns16550.c.obj)
 *fill*         0x0000000080004aae        0x2 
 .rodata.uart_ns16550_dev_cfg_0
                0x0000000080004ab0       0x14 zephyr/drivers/serial/libdrivers__serial.a(uart_ns16550.c.obj)
 .rodata.z_cstart.str1.4
                0x0000000080004ac4        0x5 zephyr/kernel/libkernel.a(init.c.obj)
 *fill*         0x0000000080004ac9        0x3 
 .rodata.levels.0
                0x0000000080004acc       0x18 zephyr/kernel/libkernel.a(init.c.obj)
 .rodata.boot_banner.str1.4
                0x0000000080004ae4       0x2e zephyr/kernel/libkernel.a(banner.c.obj)
 *fill*         0x0000000080004b12        0x2 
 .rodata.__l_vfprintf.str1.4
                0x0000000080004b14       0x10 /home/jaagup/zephyr-sdk-0.17.0/riscv64-zephyr-elf/bin/../lib/gcc/../../picolibc/riscv64-zephyr-elf/lib/rv32imac_zicsr_zifencei/ilp32/libc.a(libc_tinystdio_vflprintf.c.o)
 .rodata.__l_vfprintf
                0x0000000080004b24       0x90 /home/jaagup/zephyr-sdk-0.17.0/riscv64-zephyr-elf/bin/../lib/gcc/../../picolibc/riscv64-zephyr-elf/lib/rv32imac_zicsr_zifencei/ilp32/libc.a(libc_tinystdio_vflprintf.c.o)
 *(SORT_BY_ALIGNMENT(.gnu.linkonce.r.*))
 *(SORT_BY_ALIGNMENT(.sdata2) SORT_BY_ALIGNMENT(.sdata2.*) SORT_BY_ALIGNMENT(.gnu.linkonce.s2.*))
                0x0000000080004bb4                . = ALIGN (0x4)
                0x0000000080004bb4                __rodata_region_end = .

rom_mpu_padding
                0x0000000080004bb4      0x44c
                0x0000000080004bb4                . = ALIGN (0x4)
                0x0000000080005000                . = ALIGN (0x1000)
 *fill*         0x0000000080004bb4      0x44c 
                0x0000000080005000                __rom_region_end = .
                0x0000000000005000                __rom_region_size = (__rom_region_end - __rom_region_start)
                0x0000000080000000                . = 0x80000000
                0x0000000080000000                _image_ram_start = .

bss             0x0000000080005000      0x234
                0x0000000080005000                . = ALIGN (0x4)
                0x0000000080005000                . = ALIGN (0x4)
                0x0000000080005000                __bss_start = .
                0x0000000080005000                __kernel_ram_start = .
 *(SORT_BY_ALIGNMENT(.sbss))
 *(SORT_BY_ALIGNMENT(.sbss.*))
 .sbss.last_ticks
                0x0000000080005000        0x8 zephyr/drivers/timer/libdrivers__timer.a(riscv_machine_timer.c.obj)
 .sbss.last_count
                0x0000000080005008        0x8 zephyr/drivers/timer/libdrivers__timer.a(riscv_machine_timer.c.obj)
 .sbss.curr_tick
                0x0000000080005010        0x8 zephyr/kernel/libkernel.a(timeout.c.obj)
 .sbss._stdout_hook
                0x0000000080005018        0x4 zephyr/lib/libc/picolibc/liblib__libc__picolibc.a(stdio.c.obj)
 .sbss.save_dev
                0x000000008000501c        0x4 zephyr/drivers/interrupt_controller/libdrivers__interrupt_controller.a(intc_plic.c.obj)
 .sbss.save_irq
                0x0000000080005020        0x4 zephyr/drivers/interrupt_controller/libdrivers__interrupt_controller.a(intc_plic.c.obj)
 .sbss.last_elapsed
                0x0000000080005024        0x4 zephyr/drivers/timer/libdrivers__timer.a(riscv_machine_timer.c.obj)
 .sbss.slice_expired
                0x0000000080005028        0x1 zephyr/kernel/libkernel.a(timeslicing.c.obj)
 *fill*         0x0000000080005029        0x3 
 .sbss.slice_max_prio
                0x000000008000502c        0x4 zephyr/kernel/libkernel.a(timeslicing.c.obj)
 .sbss.slice_ticks
                0x0000000080005030        0x4 zephyr/kernel/libkernel.a(timeslicing.c.obj)
 .sbss.announce_remaining
                0x0000000080005034        0x4 zephyr/kernel/libkernel.a(timeout.c.obj)
 .sbss.z_sys_post_kernel
                0x0000000080005038        0x1 zephyr/kernel/libkernel.a(init.c.obj)
                0x0000000080005038                z_sys_post_kernel
 *(SORT_BY_ALIGNMENT(.bss))
 *(SORT_BY_ALIGNMENT(.bss.*))
 *fill*         0x0000000080005039        0x7 
 .bss.z_idle_threads
                0x0000000080005040       0x90 zephyr/kernel/libkernel.a(init.c.obj)
                0x0000000080005040                z_idle_threads
 .bss.z_main_thread
                0x00000000800050d0       0x90 zephyr/kernel/libkernel.a(init.c.obj)
                0x00000000800050d0                z_main_thread
 .bss._thread_dummy
                0x0000000080005160       0x90 zephyr/kernel/libkernel.a(sched.c.obj)
                0x0000000080005160                _thread_dummy
 .bss.slice_timeouts
                0x00000000800051f0       0x18 zephyr/kernel/libkernel.a(timeslicing.c.obj)
 .bss.z_malloc_heap
                0x0000000080005208        0xc zephyr/lib/libc/common/liblib__libc__common.a(malloc.c.obj)
 .bss.plic_data_0
                0x0000000080005214        0x0 zephyr/drivers/interrupt_controller/libdrivers__interrupt_controller.a(intc_plic.c.obj)
 .bss._kernel   0x0000000080005214       0x20 zephyr/kernel/libkernel.a(init.c.obj)
                0x0000000080005214                _kernel
 .bss._sched_spinlock
                0x0000000080005234        0x0 zephyr/kernel/libkernel.a(sched.c.obj)
                0x0000000080005234                _sched_spinlock
 *(SORT_BY_ALIGNMENT(COMMON))
                0x0000000080005234                __bss_end = ALIGN (0x4)

noinit          0x0000000080005240      0xe00
 *(SORT_BY_ALIGNMENT(.noinit))
 *(SORT_BY_ALIGNMENT(.noinit.*))
 .noinit."WEST_TOPDIR/zephyr/kernel/init.c".2
                0x0000000080005240      0x800 zephyr/kernel/libkernel.a(init.c.obj)
                0x0000000080005240                z_interrupt_stacks
 .noinit."WEST_TOPDIR/zephyr/kernel/init.c".1
                0x0000000080005a40      0x200 zephyr/kernel/libkernel.a(init.c.obj)
 .noinit."WEST_TOPDIR/zephyr/kernel/init.c".0
                0x0000000080005c40      0x400 zephyr/kernel/libkernel.a(init.c.obj)
                0x0000000080005c40                z_main_stack

datas           0x0000000080006040       0x2c
                0x0000000080006040                . = ALIGN (0x4)
                0x0000000080006040                __data_region_start = .
                0x0000000080006040                __data_start = .
 *(SORT_BY_ALIGNMENT(.data))
 *(SORT_BY_ALIGNMENT(.data.*))
 .data.__stdout
                0x0000000080006040       0x14 zephyr/lib/libc/picolibc/liblib__libc__picolibc.a(stdio.c.obj)
 .data.uart_ns16550_dev_data_0
                0x0000000080006054        0xc zephyr/drivers/serial/libdrivers__serial.a(uart_ns16550.c.obj)
                0x0000000080006060                . = ALIGN (0x8)
                0x0000000080006860                PROVIDE (__global_pointer$ = (. + 0x800))
 *(SORT_BY_ALIGNMENT(.sdata) SORT_BY_ALIGNMENT(.sdata.*) SORT_BY_ALIGNMENT(.gnu.linkonce.s.*))
 .sdata._char_out
                0x0000000080006060        0x4 zephyr/libzephyr.a(printk.c.obj)
 .sdata.timeout_list
                0x0000000080006064        0x8 zephyr/kernel/libkernel.a(timeout.c.obj)
                0x000000008000606c                __data_end = .
                0x000000000000002c                __data_size = (__data_end - __data_start)
                0x0000000080006040                __data_load_start = LOADADDR (datas)
                0x0000000080006040                __data_region_load_start = LOADADDR (datas)

device_states   0x000000008000606c        0x4
                0x000000008000606c                __device_states_start = .
 *(SORT_BY_ALIGNMENT(.z_devstate))
 .z_devstate    0x000000008000606c        0x2 zephyr/drivers/interrupt_controller/libdrivers__interrupt_controller.a(intc_plic.c.obj)
 .z_devstate    0x000000008000606e        0x2 zephyr/drivers/serial/libdrivers__serial.a(uart_ns16550.c.obj)
 *(SORT_BY_ALIGNMENT(.z_devstate.*))
                0x0000000080006070                __device_states_end = .

log_mpsc_pbuf_area
                0x0000000080006070        0x0
                0x0000000080006070                _log_mpsc_pbuf_list_start = .
 *(SORT_BY_NAME(SORT_BY_ALIGNMENT(._log_mpsc_pbuf.static.*)))
                0x0000000080006070                _log_mpsc_pbuf_list_end = .

log_msg_ptr_area
                0x0000000080006070        0x0
                0x0000000080006070                _log_msg_ptr_list_start = .
 *(SORT_BY_NAME(SORT_BY_ALIGNMENT(._log_msg_ptr.static.*)))
                0x0000000080006070                _log_msg_ptr_list_end = .

log_dynamic_area
                0x0000000080006070        0x0
                0x0000000080006070                _log_dynamic_list_start = .
 *(SORT_BY_NAME(SORT_BY_ALIGNMENT(._log_dynamic.static.*)))
                0x0000000080006070                _log_dynamic_list_end = .

k_timer_area    0x0000000080006070        0x0
                0x0000000080006070                _k_timer_list_start = .
 *(SORT_BY_NAME(SORT_BY_ALIGNMENT(._k_timer.static.*)))
                0x0000000080006070                _k_timer_list_end = .

k_mem_slab_area
                0x0000000080006070        0x0
                0x0000000080006070                _k_mem_slab_list_start = .
 *(SORT_BY_NAME(SORT_BY_ALIGNMENT(._k_mem_slab.static.*)))
                0x0000000080006070                _k_mem_slab_list_end = .

k_heap_area     0x0000000080006070        0x0
                0x0000000080006070                _k_heap_list_start = .
 *(SORT_BY_NAME(SORT_BY_ALIGNMENT(._k_heap.static.*)))
                0x0000000080006070                _k_heap_list_end = .

k_mutex_area    0x0000000080006070        0x0
                0x0000000080006070                _k_mutex_list_start = .
 *(SORT_BY_NAME(SORT_BY_ALIGNMENT(._k_mutex.static.*)))
                0x0000000080006070                _k_mutex_list_end = .

k_stack_area    0x0000000080006070        0x0
                0x0000000080006070                _k_stack_list_start = .
 *(SORT_BY_NAME(SORT_BY_ALIGNMENT(._k_stack.static.*)))
                0x0000000080006070                _k_stack_list_end = .

k_msgq_area     0x0000000080006070        0x0
                0x0000000080006070                _k_msgq_list_start = .
 *(SORT_BY_NAME(SORT_BY_ALIGNMENT(._k_msgq.static.*)))
                0x0000000080006070                _k_msgq_list_end = .

k_mbox_area     0x0000000080006070        0x0
                0x0000000080006070                _k_mbox_list_start = .
 *(SORT_BY_NAME(SORT_BY_ALIGNMENT(._k_mbox.static.*)))
                0x0000000080006070                _k_mbox_list_end = .

k_pipe_area     0x0000000080006070        0x0
                0x0000000080006070                _k_pipe_list_start = .
 *(SORT_BY_NAME(SORT_BY_ALIGNMENT(._k_pipe.static.*)))
                0x0000000080006070                _k_pipe_list_end = .

k_sem_area      0x0000000080006070        0x0
                0x0000000080006070                _k_sem_list_start = .
 *(SORT_BY_NAME(SORT_BY_ALIGNMENT(._k_sem.static.*)))
                0x0000000080006070                _k_sem_list_end = .

k_event_area    0x0000000080006070        0x0
                0x0000000080006070                _k_event_list_start = .
 *(SORT_BY_NAME(SORT_BY_ALIGNMENT(._k_event.static.*)))
                0x0000000080006070                _k_event_list_end = .

k_queue_area    0x0000000080006070        0x0
                0x0000000080006070                _k_queue_list_start = .
 *(SORT_BY_NAME(SORT_BY_ALIGNMENT(._k_queue.static.*)))
                0x0000000080006070                _k_queue_list_end = .

k_fifo_area     0x0000000080006070        0x0
                0x0000000080006070                _k_fifo_list_start = .
 *(SORT_BY_NAME(SORT_BY_ALIGNMENT(._k_fifo.static.*)))
                0x0000000080006070                _k_fifo_list_end = .

k_lifo_area     0x0000000080006070        0x0
                0x0000000080006070                _k_lifo_list_start = .
 *(SORT_BY_NAME(SORT_BY_ALIGNMENT(._k_lifo.static.*)))
                0x0000000080006070                _k_lifo_list_end = .

k_condvar_area  0x0000000080006070        0x0
                0x0000000080006070                _k_condvar_list_start = .
 *(SORT_BY_NAME(SORT_BY_ALIGNMENT(._k_condvar.static.*)))
                0x0000000080006070                _k_condvar_list_end = .

sys_mem_blocks_ptr_area
                0x0000000080006070        0x0
                0x0000000080006070                _sys_mem_blocks_ptr_list_start = .
 *(SORT_BY_NAME(SORT_BY_ALIGNMENT(._sys_mem_blocks_ptr.static.*)))
                0x0000000080006070                _sys_mem_blocks_ptr_list_end = .

net_buf_pool_area
                0x0000000080006070        0x0
                0x0000000080006070                _net_buf_pool_list_start = .
 *(SORT_BY_NAME(SORT_BY_ALIGNMENT(._net_buf_pool.static.*)))
                0x0000000080006070                _net_buf_pool_list_end = .
                0x0000000080006070                __data_region_end = .
                0x0000000080006070                __kernel_ram_end = .
                0x0000000000001070                __kernel_ram_size = (__kernel_ram_end - __kernel_ram_start)

.intList        0x00000000fffff800       0x28
 *(SORT_BY_ALIGNMENT(.irq_info*))
 .irq_info      0x00000000fffff800        0x8 zephyr/arch/common/libisr_tables.a(isr_tables.c.obj)
                0x00000000fffff800                _iheader
 *(SORT_BY_ALIGNMENT(.intList*))
 .intList       0x00000000fffff808       0x10 zephyr/drivers/interrupt_controller/libdrivers__interrupt_controller.a(intc_plic.c.obj)
 .intList       0x00000000fffff818       0x10 zephyr/drivers/timer/libdrivers__timer.a(riscv_machine_timer.c.obj)

.last_ram_section
                0x0000000080006070        0x0
                0x0000000080006070                . = ALIGN (0x4)
                0x0000000080006070                _image_ram_end = .
                0x0000000000006070                _image_ram_size = (_image_ram_end - _image_ram_start)
                0x0000000080006070                _end = .
                0x0000000080006070                z_mapped_end = .

.stab
 *(SORT_BY_ALIGNMENT(.stab))

.stabstr
 *(SORT_BY_ALIGNMENT(.stabstr))

.stab.excl
 *(SORT_BY_ALIGNMENT(.stab.excl))

.stab.exclstr
 *(SORT_BY_ALIGNMENT(.stab.exclstr))

.stab.index
 *(SORT_BY_ALIGNMENT(.stab.index))

.stab.indexstr
 *(SORT_BY_ALIGNMENT(.stab.indexstr))

.gnu.build.attributes
 *(SORT_BY_ALIGNMENT(.gnu.build.attributes) SORT_BY_ALIGNMENT(.gnu.build.attributes.*))

.comment        0x0000000000000000       0x20
 *(SORT_BY_ALIGNMENT(.comment))
 .comment       0x0000000000000000       0x20 zephyr/CMakeFiles/offsets.dir/./arch/riscv/core/offsets/offsets.c.obj
                                         0x21 (size before relaxing)
 .comment       0x0000000000000020       0x21 app/libapp.a(main.cpp.obj)
 .comment       0x0000000000000020       0x21 zephyr/libzephyr.a(heap.c.obj)
 .comment       0x0000000000000020       0x21 zephyr/libzephyr.a(printk.c.obj)
 .comment       0x0000000000000020       0x21 zephyr/libzephyr.a(thread_entry.c.obj)
 .comment       0x0000000000000020       0x21 zephyr/libzephyr.a(configs.c.obj)
 .comment       0x0000000000000020       0x21 zephyr/libzephyr.a(soc_common_irq.c.obj)
 .comment       0x0000000000000020       0x21 zephyr/libzephyr.a(tracing_none.c.obj)
 .comment       0x0000000000000020       0x21 zephyr/arch/arch/riscv/core/libarch__riscv__core.a(cpu_idle.c.obj)
 .comment       0x0000000000000020       0x21 zephyr/arch/arch/riscv/core/libarch__riscv__core.a(fatal.c.obj)
 .comment       0x0000000000000020       0x21 zephyr/arch/arch/riscv/core/libarch__riscv__core.a(irq_manage.c.obj)
 .comment       0x0000000000000020       0x21 zephyr/arch/arch/riscv/core/libarch__riscv__core.a(prep_c.c.obj)
 .comment       0x0000000000000020       0x21 zephyr/arch/arch/riscv/core/libarch__riscv__core.a(thread.c.obj)
 .comment       0x0000000000000020       0x21 zephyr/arch/arch/riscv/core/libarch__riscv__core.a(pmp.c.obj)
 .comment       0x0000000000000020       0x21 zephyr/arch/arch/riscv/core/libarch__riscv__core.a(tls.c.obj)
 .comment       0x0000000000000020       0x21 zephyr/arch/arch/riscv/core/libarch__riscv__core.a(stacktrace.c.obj)
 .comment       0x0000000000000020       0x21 zephyr/lib/libc/picolibc/liblib__libc__picolibc.a(stdio.c.obj)
 .comment       0x0000000000000020       0x21 zephyr/lib/libc/common/liblib__libc__common.a(malloc.c.obj)
 .comment       0x0000000000000020       0x21 zephyr/drivers/interrupt_controller/libdrivers__interrupt_controller.a(intc_plic.c.obj)
 .comment       0x0000000000000020       0x21 zephyr/drivers/console/libdrivers__console.a(uart_console.c.obj)
 .comment       0x0000000000000020       0x21 zephyr/drivers/serial/libdrivers__serial.a(uart_ns16550.c.obj)
 .comment       0x0000000000000020       0x21 zephyr/drivers/timer/libdrivers__timer.a(riscv_machine_timer.c.obj)
 .comment       0x0000000000000020       0x21 zephyr/kernel/libkernel.a(device.c.obj)
 .comment       0x0000000000000020       0x21 zephyr/kernel/libkernel.a(fatal.c.obj)
 .comment       0x0000000000000020       0x21 zephyr/kernel/libkernel.a(init.c.obj)
 .comment       0x0000000000000020       0x21 zephyr/kernel/libkernel.a(init_static.c.obj)
 .comment       0x0000000000000020       0x21 zephyr/kernel/libkernel.a(idle.c.obj)
 .comment       0x0000000000000020       0x21 zephyr/kernel/libkernel.a(thread.c.obj)
 .comment       0x0000000000000020       0x21 zephyr/kernel/libkernel.a(sched.c.obj)
 .comment       0x0000000000000020       0x21 zephyr/kernel/libkernel.a(timeslicing.c.obj)
 .comment       0x0000000000000020       0x21 zephyr/kernel/libkernel.a(timeout.c.obj)
 .comment       0x0000000000000020       0x21 zephyr/kernel/libkernel.a(banner.c.obj)
 .comment       0x0000000000000020       0x21 zephyr/arch/common/libisr_tables.a(isr_tables.c.obj)

.debug
 *(SORT_BY_ALIGNMENT(.debug))

.line
 *(SORT_BY_ALIGNMENT(.line))

.debug_srcinfo
 *(SORT_BY_ALIGNMENT(.debug_srcinfo))

.debug_sfnames
 *(SORT_BY_ALIGNMENT(.debug_sfnames))

.debug_aranges  0x0000000000000000      0xa58
 *(SORT_BY_ALIGNMENT(.debug_aranges))
 .debug_aranges
                0x0000000000000000       0x20 zephyr/libzephyr.a(soc_irq.S.obj)
 .debug_aranges
                0x0000000000000020       0x20 zephyr/libzephyr.a(vector.S.obj)
 .debug_aranges
                0x0000000000000040       0x28 zephyr/arch/arch/riscv/core/libarch__riscv__core.a(reset.S.obj)
 .debug_aranges
                0x0000000000000068       0x20 zephyr/arch/arch/riscv/core/libarch__riscv__core.a(switch.S.obj)
 .debug_aranges
                0x0000000000000088       0x20 zephyr/arch/arch/riscv/core/libarch__riscv__core.a(isr.S.obj)
 .debug_aranges
                0x00000000000000a8       0x20 zephyr/arch/arch/riscv/core/libarch__riscv__core.a(pmp.S.obj)
 .debug_aranges
                0x00000000000000c8       0x20 zephyr/CMakeFiles/offsets.dir/./arch/riscv/core/offsets/offsets.c.obj
 .debug_aranges
                0x00000000000000e8       0x20 app/libapp.a(main.cpp.obj)
 .debug_aranges
                0x0000000000000108       0xd0 zephyr/libzephyr.a(heap.c.obj)
 .debug_aranges
                0x00000000000001d8       0x50 zephyr/libzephyr.a(printk.c.obj)
 .debug_aranges
                0x0000000000000228       0x20 zephyr/libzephyr.a(thread_entry.c.obj)
 .debug_aranges
                0x0000000000000248       0x20 zephyr/libzephyr.a(configs.c.obj)
 .debug_aranges
                0x0000000000000268       0x40 zephyr/libzephyr.a(soc_common_irq.c.obj)
 .debug_aranges
                0x00000000000002a8       0x40 zephyr/libzephyr.a(tracing_none.c.obj)
 .debug_aranges
                0x00000000000002e8       0x28 zephyr/arch/arch/riscv/core/libarch__riscv__core.a(cpu_idle.c.obj)
 .debug_aranges
                0x0000000000000310       0x40 zephyr/arch/arch/riscv/core/libarch__riscv__core.a(fatal.c.obj)
 .debug_aranges
                0x0000000000000350       0x20 zephyr/arch/arch/riscv/core/libarch__riscv__core.a(irq_manage.c.obj)
 .debug_aranges
                0x0000000000000370       0x20 zephyr/arch/arch/riscv/core/libarch__riscv__core.a(prep_c.c.obj)
 .debug_aranges
                0x0000000000000390       0x20 zephyr/arch/arch/riscv/core/libarch__riscv__core.a(thread.c.obj)
 .debug_aranges
                0x00000000000003b0       0x20 zephyr/arch/arch/riscv/core/libarch__riscv__core.a(pmp.c.obj)
 .debug_aranges
                0x00000000000003d0       0x20 zephyr/arch/arch/riscv/core/libarch__riscv__core.a(tls.c.obj)
 .debug_aranges
                0x00000000000003f0       0x48 zephyr/arch/arch/riscv/core/libarch__riscv__core.a(stacktrace.c.obj)
 .debug_aranges
                0x0000000000000438       0x38 zephyr/lib/libc/picolibc/liblib__libc__picolibc.a(stdio.c.obj)
 .debug_aranges
                0x0000000000000470       0x60 zephyr/lib/libc/common/liblib__libc__common.a(malloc.c.obj)
 .debug_aranges
                0x00000000000004d0       0x70 zephyr/drivers/interrupt_controller/libdrivers__interrupt_controller.a(intc_plic.c.obj)
 .debug_aranges
                0x0000000000000540       0x30 zephyr/drivers/console/libdrivers__console.a(uart_console.c.obj)
 .debug_aranges
                0x0000000000000570       0x48 zephyr/drivers/serial/libdrivers__serial.a(uart_ns16550.c.obj)
 .debug_aranges
                0x00000000000005b8       0x50 zephyr/drivers/timer/libdrivers__timer.a(riscv_machine_timer.c.obj)
 .debug_aranges
                0x0000000000000608       0x40 zephyr/kernel/libkernel.a(device.c.obj)
 .debug_aranges
                0x0000000000000648       0x38 zephyr/kernel/libkernel.a(fatal.c.obj)
 .debug_aranges
                0x0000000000000680       0x68 zephyr/kernel/libkernel.a(init.c.obj)
 .debug_aranges
                0x00000000000006e8       0x20 zephyr/kernel/libkernel.a(init_static.c.obj)
 .debug_aranges
                0x0000000000000708       0x28 zephyr/kernel/libkernel.a(idle.c.obj)
 .debug_aranges
                0x0000000000000730       0x98 zephyr/kernel/libkernel.a(thread.c.obj)
 .debug_aranges
                0x00000000000007c8      0x180 zephyr/kernel/libkernel.a(sched.c.obj)
 .debug_aranges
                0x0000000000000948       0x40 zephyr/kernel/libkernel.a(timeslicing.c.obj)
 .debug_aranges
                0x0000000000000988       0x98 zephyr/kernel/libkernel.a(timeout.c.obj)
 .debug_aranges
                0x0000000000000a20       0x20 zephyr/kernel/libkernel.a(banner.c.obj)
 .debug_aranges
                0x0000000000000a40       0x18 zephyr/arch/common/libisr_tables.a(isr_tables.c.obj)

.debug_pubnames
 *(SORT_BY_ALIGNMENT(.debug_pubnames))

.debug_info     0x0000000000000000    0x17722
 *(SORT_BY_ALIGNMENT(.debug_info) SORT_BY_ALIGNMENT(.gnu.linkonce.wi.*))
 .debug_info    0x0000000000000000       0xdc zephyr/CMakeFiles/offsets.dir/./arch/riscv/core/offsets/offsets.c.obj
 .debug_info    0x00000000000000dc       0xaa app/libapp.a(main.cpp.obj)
 .debug_info    0x0000000000000186     0x25eb zephyr/libzephyr.a(heap.c.obj)
 .debug_info    0x0000000000002771      0x4eb zephyr/libzephyr.a(printk.c.obj)
 .debug_info    0x0000000000002c5c      0x70a zephyr/libzephyr.a(thread_entry.c.obj)
 .debug_info    0x0000000000003366       0x38 zephyr/libzephyr.a(configs.c.obj)
 .debug_info    0x000000000000339e       0x23 zephyr/libzephyr.a(soc_irq.S.obj)
 .debug_info    0x00000000000033c1      0x4de zephyr/libzephyr.a(soc_common_irq.c.obj)
 .debug_info    0x000000000000389f       0x23 zephyr/libzephyr.a(vector.S.obj)
 .debug_info    0x00000000000038c2       0xb9 zephyr/libzephyr.a(tracing_none.c.obj)
 .debug_info    0x000000000000397b      0x147 zephyr/arch/arch/riscv/core/libarch__riscv__core.a(cpu_idle.c.obj)
 .debug_info    0x0000000000003ac2      0x850 zephyr/arch/arch/riscv/core/libarch__riscv__core.a(fatal.c.obj)
 .debug_info    0x0000000000004312      0x4b0 zephyr/arch/arch/riscv/core/libarch__riscv__core.a(irq_manage.c.obj)
 .debug_info    0x00000000000047c2       0xd4 zephyr/arch/arch/riscv/core/libarch__riscv__core.a(prep_c.c.obj)
 .debug_info    0x0000000000004896       0x22 zephyr/arch/arch/riscv/core/libarch__riscv__core.a(reset.S.obj)
 .debug_info    0x00000000000048b8       0x23 zephyr/arch/arch/riscv/core/libarch__riscv__core.a(switch.S.obj)
 .debug_info    0x00000000000048db      0x759 zephyr/arch/arch/riscv/core/libarch__riscv__core.a(thread.c.obj)
 .debug_info    0x0000000000005034       0x24 zephyr/arch/arch/riscv/core/libarch__riscv__core.a(isr.S.obj)
 .debug_info    0x0000000000005058      0x696 zephyr/arch/arch/riscv/core/libarch__riscv__core.a(pmp.c.obj)
 .debug_info    0x00000000000056ee       0x24 zephyr/arch/arch/riscv/core/libarch__riscv__core.a(pmp.S.obj)
 .debug_info    0x0000000000005712      0x66a zephyr/arch/arch/riscv/core/libarch__riscv__core.a(tls.c.obj)
 .debug_info    0x0000000000005d7c      0xe4f zephyr/arch/arch/riscv/core/libarch__riscv__core.a(stacktrace.c.obj)
 .debug_info    0x0000000000006bcb      0x3a3 zephyr/lib/libc/picolibc/liblib__libc__picolibc.a(stdio.c.obj)
 .debug_info    0x0000000000006f6e      0xdec zephyr/lib/libc/common/liblib__libc__common.a(malloc.c.obj)
 .debug_info    0x0000000000007d5a     0x1a50 zephyr/drivers/interrupt_controller/libdrivers__interrupt_controller.a(intc_plic.c.obj)
 .debug_info    0x00000000000097aa      0x7f3 zephyr/drivers/console/libdrivers__console.a(uart_console.c.obj)
 .debug_info    0x0000000000009f9d     0x1929 zephyr/drivers/serial/libdrivers__serial.a(uart_ns16550.c.obj)
 .debug_info    0x000000000000b8c6      0x8e1 zephyr/drivers/timer/libdrivers__timer.a(riscv_machine_timer.c.obj)
 .debug_info    0x000000000000c1a7      0x3b1 zephyr/kernel/libkernel.a(device.c.obj)
 .debug_info    0x000000000000c558      0xa43 zephyr/kernel/libkernel.a(fatal.c.obj)
 .debug_info    0x000000000000cf9b     0x1861 zephyr/kernel/libkernel.a(init.c.obj)
 .debug_info    0x000000000000e7fc       0x38 zephyr/kernel/libkernel.a(init_static.c.obj)
 .debug_info    0x000000000000e834      0x22b zephyr/kernel/libkernel.a(idle.c.obj)
 .debug_info    0x000000000000ea5f     0x1484 zephyr/kernel/libkernel.a(thread.c.obj)
 .debug_info    0x000000000000fee3     0x5699 zephyr/kernel/libkernel.a(sched.c.obj)
 .debug_info    0x000000000001557c      0xcf3 zephyr/kernel/libkernel.a(timeslicing.c.obj)
 .debug_info    0x000000000001626f     0x129b zephyr/kernel/libkernel.a(timeout.c.obj)
 .debug_info    0x000000000001750a       0xc5 zephyr/kernel/libkernel.a(banner.c.obj)
 .debug_info    0x00000000000175cf      0x153 zephyr/arch/common/libisr_tables.a(isr_tables.c.obj)

.debug_abbrev   0x0000000000000000     0x56db
 *(SORT_BY_ALIGNMENT(.debug_abbrev))
 .debug_abbrev  0x0000000000000000       0x62 zephyr/CMakeFiles/offsets.dir/./arch/riscv/core/offsets/offsets.c.obj
 .debug_abbrev  0x0000000000000062       0x6a app/libapp.a(main.cpp.obj)
 .debug_abbrev  0x00000000000000cc      0x47b zephyr/libzephyr.a(heap.c.obj)
 .debug_abbrev  0x0000000000000547      0x293 zephyr/libzephyr.a(printk.c.obj)
 .debug_abbrev  0x00000000000007da      0x294 zephyr/libzephyr.a(thread_entry.c.obj)
 .debug_abbrev  0x0000000000000a6e       0x2e zephyr/libzephyr.a(configs.c.obj)
 .debug_abbrev  0x0000000000000a9c       0x14 zephyr/libzephyr.a(soc_irq.S.obj)
 .debug_abbrev  0x0000000000000ab0      0x25e zephyr/libzephyr.a(soc_common_irq.c.obj)
 .debug_abbrev  0x0000000000000d0e       0x14 zephyr/libzephyr.a(vector.S.obj)
 .debug_abbrev  0x0000000000000d22       0x5e zephyr/libzephyr.a(tracing_none.c.obj)
 .debug_abbrev  0x0000000000000d80       0xb1 zephyr/arch/arch/riscv/core/libarch__riscv__core.a(cpu_idle.c.obj)
 .debug_abbrev  0x0000000000000e31      0x204 zephyr/arch/arch/riscv/core/libarch__riscv__core.a(fatal.c.obj)
 .debug_abbrev  0x0000000000001035      0x1ee zephyr/arch/arch/riscv/core/libarch__riscv__core.a(irq_manage.c.obj)
 .debug_abbrev  0x0000000000001223       0x8b zephyr/arch/arch/riscv/core/libarch__riscv__core.a(prep_c.c.obj)
 .debug_abbrev  0x00000000000012ae       0x12 zephyr/arch/arch/riscv/core/libarch__riscv__core.a(reset.S.obj)
 .debug_abbrev  0x00000000000012c0       0x14 zephyr/arch/arch/riscv/core/libarch__riscv__core.a(switch.S.obj)
 .debug_abbrev  0x00000000000012d4      0x230 zephyr/arch/arch/riscv/core/libarch__riscv__core.a(thread.c.obj)
 .debug_abbrev  0x0000000000001504       0x14 zephyr/arch/arch/riscv/core/libarch__riscv__core.a(isr.S.obj)
 .debug_abbrev  0x0000000000001518      0x24c zephyr/arch/arch/riscv/core/libarch__riscv__core.a(pmp.c.obj)
 .debug_abbrev  0x0000000000001764       0x14 zephyr/arch/arch/riscv/core/libarch__riscv__core.a(pmp.S.obj)
 .debug_abbrev  0x0000000000001778      0x23c zephyr/arch/arch/riscv/core/libarch__riscv__core.a(tls.c.obj)
 .debug_abbrev  0x00000000000019b4      0x4a3 zephyr/arch/arch/riscv/core/libarch__riscv__core.a(stacktrace.c.obj)
 .debug_abbrev  0x0000000000001e57      0x1d8 zephyr/lib/libc/picolibc/liblib__libc__picolibc.a(stdio.c.obj)
 .debug_abbrev  0x000000000000202f      0x436 zephyr/lib/libc/common/liblib__libc__common.a(malloc.c.obj)
 .debug_abbrev  0x0000000000002465      0x576 zephyr/drivers/interrupt_controller/libdrivers__interrupt_controller.a(intc_plic.c.obj)
 .debug_abbrev  0x00000000000029db      0x341 zephyr/drivers/console/libdrivers__console.a(uart_console.c.obj)
 .debug_abbrev  0x0000000000002d1c      0x3e5 zephyr/drivers/serial/libdrivers__serial.a(uart_ns16550.c.obj)
 .debug_abbrev  0x0000000000003101      0x3a9 zephyr/drivers/timer/libdrivers__timer.a(riscv_machine_timer.c.obj)
 .debug_abbrev  0x00000000000034aa      0x1d8 zephyr/kernel/libkernel.a(device.c.obj)
 .debug_abbrev  0x0000000000003682      0x347 zephyr/kernel/libkernel.a(fatal.c.obj)
 .debug_abbrev  0x00000000000039c9      0x63a zephyr/kernel/libkernel.a(init.c.obj)
 .debug_abbrev  0x0000000000004003       0x2e zephyr/kernel/libkernel.a(init_static.c.obj)
 .debug_abbrev  0x0000000000004031      0x14b zephyr/kernel/libkernel.a(idle.c.obj)
 .debug_abbrev  0x000000000000417c      0x4ee zephyr/kernel/libkernel.a(thread.c.obj)